graph: { title: "/home/julius/Programmieren/stm32f0304p6/light-cortex-m0/gnat/a-nuelfu.ads"
node: { title: "/home/julius/Programmieren/stm32f0304p6/light-cortex-m0/gnat/a-nuelfu.ads:ada__numerics__elementary_functions__arctan.part.0" label: "Part\n/home/julius/Programmieren/stm32f0304p6/light-cortex-m0/gnat/s-gcmain.adb:464:4\n8 bytes (static)\n0 dynamic objects" }
node: { title: "ada__exceptions__call_last_chance_handler_with_message" label: "Call_Last_Chance_Handler_With_Message\n/home/julius/Programmieren/stm32f0304p6/light-cortex-m0/gnat/a-except.adb:40:14" shape : ellipse }
edge: { sourcename: "/home/julius/Programmieren/stm32f0304p6/light-cortex-m0/gnat/a-nuelfu.ads:ada__numerics__elementary_functions__arctan.part.0" targetname: "ada__exceptions__call_last_chance_handler_with_message" label: "/home/julius/Programmieren/stm32f0304p6/light-cortex-m0/gnat/a-except.adb:95:10" }
node: { title: "ada__numerics__elementary_functions__Oexpon" label: "**\n/home/julius/Programmieren/stm32f0304p6/light-cortex-m0/gnat/s-gcmain.adb:120:4\n16 bytes (static)\n0 dynamic objects" }
node: { title: "__aeabi_fcmpun" label: "aeabi_fcmpun\n<built-in>" shape : ellipse }
edge: { sourcename: "ada__numerics__elementary_functions__Oexpon" targetname: "__aeabi_fcmpun" }
node: { title: "__aeabi_fcmple" label: "aeabi_fcmple\n<built-in>" shape : ellipse }
edge: { sourcename: "ada__numerics__elementary_functions__Oexpon" targetname: "__aeabi_fcmple" }
node: { title: "__aeabi_fcmpeq" label: "aeabi_fcmpeq\n<built-in>" shape : ellipse }
edge: { sourcename: "ada__numerics__elementary_functions__Oexpon" targetname: "__aeabi_fcmpeq" }
edge: { sourcename: "ada__numerics__elementary_functions__Oexpon" targetname: "__aeabi_fcmpeq" }
edge: { sourcename: "ada__numerics__elementary_functions__Oexpon" targetname: "ada__exceptions__call_last_chance_handler_with_message" label: "/home/julius/Programmieren/stm32f0304p6/light-cortex-m0/gnat/a-except.adb:95:10" }
edge: { sourcename: "ada__numerics__elementary_functions__Oexpon" targetname: "__aeabi_fcmpun" }
node: { title: "__aeabi_fcmplt" label: "aeabi_fcmplt\n<built-in>" shape : ellipse }
edge: { sourcename: "ada__numerics__elementary_functions__Oexpon" targetname: "__aeabi_fcmplt" }
node: { title: "__gnat_last_chance_handler" label: "gnat_last_chance_handler\n<built-in>" shape : ellipse }
edge: { sourcename: "ada__numerics__elementary_functions__Oexpon" targetname: "__gnat_last_chance_handler" label: "/home/julius/Programmieren/stm32f0304p6/light-cortex-m0/gnat/s-gcmain.adb:131:13" }
edge: { sourcename: "ada__numerics__elementary_functions__Oexpon" targetname: "__aeabi_fcmpeq" }
edge: { sourcename: "ada__numerics__elementary_functions__Oexpon" targetname: "__aeabi_fcmpeq" }
node: { title: "powf" label: "Pow\n/home/julius/Programmieren/stm32f0304p6/light-cortex-m0/gnat/s-libsin.ads:395:13" shape : ellipse }
edge: { sourcename: "ada__numerics__elementary_functions__Oexpon" targetname: "powf" label: "/home/julius/Programmieren/stm32f0304p6/light-cortex-m0/gnat/s-gcmain.adb:146:14" }
node: { title: "ada__numerics__elementary_functions__arccos" label: "Arccos\n/home/julius/Programmieren/stm32f0304p6/light-cortex-m0/gnat/s-gcmain.adb:171:4\n8 bytes (static)\n0 dynamic objects" }
node: { title: "acosf" label: "Acos\n/home/julius/Programmieren/stm32f0304p6/light-cortex-m0/gnat/s-libsin.ads:79:13" shape : ellipse }
edge: { sourcename: "ada__numerics__elementary_functions__arccos" targetname: "acosf" label: "/home/julius/Programmieren/stm32f0304p6/light-cortex-m0/gnat/s-gcmain.adb:175:12" }
edge: { sourcename: "ada__numerics__elementary_functions__arccos" targetname: "__aeabi_fcmpeq" }
edge: { sourcename: "ada__numerics__elementary_functions__arccos" targetname: "ada__exceptions__call_last_chance_handler_with_message" label: "/home/julius/Programmieren/stm32f0304p6/light-cortex-m0/gnat/a-except.adb:95:10" }
node: { title: "ada__numerics__elementary_functions__arccos__2" label: "Arccos\n/home/julius/Programmieren/stm32f0304p6/light-cortex-m0/gnat/s-gcmain.adb:207:4\n16 bytes (static)\n0 dynamic objects" }
edge: { sourcename: "ada__numerics__elementary_functions__arccos__2" targetname: "__aeabi_fcmpun" }
edge: { sourcename: "ada__numerics__elementary_functions__arccos__2" targetname: "__aeabi_fcmple" }
edge: { sourcename: "ada__numerics__elementary_functions__arccos__2" targetname: "ada__exceptions__call_last_chance_handler_with_message" label: "/home/julius/Programmieren/stm32f0304p6/light-cortex-m0/gnat/a-except.adb:95:10" }
edge: { sourcename: "ada__numerics__elementary_functions__arccos__2" targetname: "__aeabi_fcmpun" }
node: { title: "__aeabi_fcmpge" label: "aeabi_fcmpge\n<built-in>" shape : ellipse }
edge: { sourcename: "ada__numerics__elementary_functions__arccos__2" targetname: "__aeabi_fcmpge" }
edge: { sourcename: "ada__numerics__elementary_functions__arccos__2" targetname: "__aeabi_fcmpeq" }
edge: { sourcename: "ada__numerics__elementary_functions__arccos__2" targetname: "__aeabi_fcmpeq" }
node: { title: "__aeabi_fmul" label: "aeabi_fmul\n<built-in>" shape : ellipse }
edge: { sourcename: "ada__numerics__elementary_functions__arccos__2" targetname: "__aeabi_fmul" }
edge: { sourcename: "ada__numerics__elementary_functions__arccos__2" targetname: "ada__exceptions__call_last_chance_handler_with_message" label: "/home/julius/Programmieren/stm32f0304p6/light-cortex-m0/gnat/a-except.adb:95:10" }
edge: { sourcename: "ada__numerics__elementary_functions__arccos__2" targetname: "__aeabi_fmul" }
edge: { sourcename: "ada__numerics__elementary_functions__arccos__2" targetname: "__aeabi_fcmpeq" }
edge: { sourcename: "ada__numerics__elementary_functions__arccos__2" targetname: "acosf" label: "/home/julius/Programmieren/stm32f0304p6/light-cortex-m0/gnat/s-gcmain.adb:227:14" }
node: { title: "__aeabi_fdiv" label: "aeabi_fdiv\n<built-in>" shape : ellipse }
edge: { sourcename: "ada__numerics__elementary_functions__arccos__2" targetname: "__aeabi_fdiv" }
edge: { sourcename: "ada__numerics__elementary_functions__arccos__2" targetname: "__aeabi_fmul" }
node: { title: "ada__numerics__elementary_functions__arccosh" label: "Arccosh\n/home/julius/Programmieren/stm32f0304p6/light-cortex-m0/gnat/s-gcmain.adb:246:4\n8 bytes (static)\n0 dynamic objects" }
edge: { sourcename: "ada__numerics__elementary_functions__arccosh" targetname: "__aeabi_fcmplt" }
edge: { sourcename: "ada__numerics__elementary_functions__arccosh" targetname: "ada__exceptions__call_last_chance_handler_with_message" label: "/home/julius/Programmieren/stm32f0304p6/light-cortex-m0/gnat/a-except.adb:95:10" }
node: { title: "acoshf" label: "Acosh\n/home/julius/Programmieren/stm32f0304p6/light-cortex-m0/gnat/s-libsin.ads:104:13" shape : ellipse }
edge: { sourcename: "ada__numerics__elementary_functions__arccosh" targetname: "acoshf" label: "/home/julius/Programmieren/stm32f0304p6/light-cortex-m0/gnat/s-gcmain.adb:251:17" }
node: { title: "ada__numerics__elementary_functions__arccot" label: "Arccot\n/home/julius/Programmieren/stm32f0304p6/light-cortex-m0/gnat/s-gcmain.adb:276:4\n16 bytes (static)\n0 dynamic objects" }
edge: { sourcename: "ada__numerics__elementary_functions__arccot" targetname: "__aeabi_fcmpeq" }
edge: { sourcename: "ada__numerics__elementary_functions__arccot" targetname: "__aeabi_fcmpeq" }
edge: { sourcename: "ada__numerics__elementary_functions__arccot" targetname: "ada__exceptions__call_last_chance_handler_with_message" label: "/home/julius/Programmieren/stm32f0304p6/light-cortex-m0/gnat/a-except.adb:95:10" }
node: { title: "atan2f" label: "Atan2\n/home/julius/Programmieren/stm32f0304p6/light-cortex-m0/gnat/s-libsin.ads:186:13" shape : ellipse }
edge: { sourcename: "ada__numerics__elementary_functions__arccot" targetname: "atan2f" label: "/home/julius/Programmieren/stm32f0304p6/light-cortex-m0/gnat/s-gcmain.adb:473:14" }
node: { title: "ada__numerics__elementary_functions__arccoth" label: "Arccoth\n/home/julius/Programmieren/stm32f0304p6/light-cortex-m0/gnat/s-gcmain.adb:317:4\n16 bytes (static)\n0 dynamic objects" }
edge: { sourcename: "ada__numerics__elementary_functions__arccoth" targetname: "__aeabi_fcmple" }
edge: { sourcename: "ada__numerics__elementary_functions__arccoth" targetname: "__aeabi_fcmpeq" }
edge: { sourcename: "ada__numerics__elementary_functions__arccoth" targetname: "__gnat_last_chance_handler" label: "/home/julius/Programmieren/stm32f0304p6/light-cortex-m0/gnat/s-gcmain.adb:321:13" }
edge: { sourcename: "ada__numerics__elementary_functions__arccoth" targetname: "ada__exceptions__call_last_chance_handler_with_message" label: "/home/julius/Programmieren/stm32f0304p6/light-cortex-m0/gnat/a-except.adb:95:10" }
node: { title: "__aeabi_fcmpgt" label: "aeabi_fcmpgt\n<built-in>" shape : ellipse }
edge: { sourcename: "ada__numerics__elementary_functions__arccoth" targetname: "__aeabi_fcmpgt" }
node: { title: "atanhf" label: "Atanh\n/home/julius/Programmieren/stm32f0304p6/light-cortex-m0/gnat/s-libsin.ads:220:13" shape : ellipse }
edge: { sourcename: "ada__numerics__elementary_functions__arccoth" targetname: "atanhf" label: "/home/julius/Programmieren/stm32f0304p6/light-cortex-m0/gnat/s-gcmain.adb:327:17" }
edge: { sourcename: "ada__numerics__elementary_functions__arccoth" targetname: "__aeabi_fdiv" }
node: { title: "logf" label: "Log\n/home/julius/Programmieren/stm32f0304p6/light-cortex-m0/gnat/s-libsin.ads:329:13" shape : ellipse }
edge: { sourcename: "ada__numerics__elementary_functions__arccoth" targetname: "logf" label: "/home/julius/Programmieren/stm32f0304p6/light-cortex-m0/gnat/s-gcmain.adb:333:24" }
node: { title: "__aeabi_fadd" label: "aeabi_fadd\n<built-in>" shape : ellipse }
edge: { sourcename: "ada__numerics__elementary_functions__arccoth" targetname: "__aeabi_fadd" }
edge: { sourcename: "ada__numerics__elementary_functions__arccoth" targetname: "logf" label: "/home/julius/Programmieren/stm32f0304p6/light-cortex-m0/gnat/s-gcmain.adb:333:48" }
node: { title: "__aeabi_fsub" label: "aeabi_fsub\n<built-in>" shape : ellipse }
edge: { sourcename: "ada__numerics__elementary_functions__arccoth" targetname: "__aeabi_fsub" }
edge: { sourcename: "ada__numerics__elementary_functions__arccoth" targetname: "__aeabi_fsub" }
edge: { sourcename: "ada__numerics__elementary_functions__arccoth" targetname: "__aeabi_fmul" }
node: { title: "ada__numerics__elementary_functions__arcsin" label: "Arcsin\n/home/julius/Programmieren/stm32f0304p6/light-cortex-m0/gnat/s-gcmain.adb:361:4\n16 bytes (static)\n0 dynamic objects" }
edge: { sourcename: "ada__numerics__elementary_functions__arcsin" targetname: "__aeabi_fcmpun" }
edge: { sourcename: "ada__numerics__elementary_functions__arcsin" targetname: "__aeabi_fcmpge" }
edge: { sourcename: "ada__numerics__elementary_functions__arcsin" targetname: "__aeabi_fcmpeq" }
edge: { sourcename: "ada__numerics__elementary_functions__arcsin" targetname: "__aeabi_fcmpeq" }
edge: { sourcename: "ada__numerics__elementary_functions__arcsin" targetname: "ada__exceptions__call_last_chance_handler_with_message" label: "/home/julius/Programmieren/stm32f0304p6/light-cortex-m0/gnat/a-except.adb:95:10" }
node: { title: "asinf" label: "Asin\n/home/julius/Programmieren/stm32f0304p6/light-cortex-m0/gnat/s-libsin.ads:125:13" shape : ellipse }
edge: { sourcename: "ada__numerics__elementary_functions__arcsin" targetname: "asinf" label: "/home/julius/Programmieren/stm32f0304p6/light-cortex-m0/gnat/s-gcmain.adb:377:14" }
node: { title: "ada__numerics__elementary_functions__arcsin__2" label: "Arcsin\n/home/julius/Programmieren/stm32f0304p6/light-cortex-m0/gnat/s-gcmain.adb:401:4\n16 bytes (static)\n0 dynamic objects" }
edge: { sourcename: "ada__numerics__elementary_functions__arcsin__2" targetname: "__aeabi_fcmpun" }
edge: { sourcename: "ada__numerics__elementary_functions__arcsin__2" targetname: "__aeabi_fcmple" }
edge: { sourcename: "ada__numerics__elementary_functions__arcsin__2" targetname: "ada__exceptions__call_last_chance_handler_with_message" label: "/home/julius/Programmieren/stm32f0304p6/light-cortex-m0/gnat/a-except.adb:95:10" }
edge: { sourcename: "ada__numerics__elementary_functions__arcsin__2" targetname: "__aeabi_fcmpun" }
edge: { sourcename: "ada__numerics__elementary_functions__arcsin__2" targetname: "__aeabi_fcmpge" }
edge: { sourcename: "ada__numerics__elementary_functions__arcsin__2" targetname: "__aeabi_fcmpeq" }
edge: { sourcename: "ada__numerics__elementary_functions__arcsin__2" targetname: "__aeabi_fmul" }
edge: { sourcename: "ada__numerics__elementary_functions__arcsin__2" targetname: "__aeabi_fcmpeq" }
edge: { sourcename: "ada__numerics__elementary_functions__arcsin__2" targetname: "__aeabi_fmul" }
edge: { sourcename: "ada__numerics__elementary_functions__arcsin__2" targetname: "ada__exceptions__call_last_chance_handler_with_message" label: "/home/julius/Programmieren/stm32f0304p6/light-cortex-m0/gnat/a-except.adb:95:10" }
edge: { sourcename: "ada__numerics__elementary_functions__arcsin__2" targetname: "asinf" label: "/home/julius/Programmieren/stm32f0304p6/light-cortex-m0/gnat/s-gcmain.adb:420:14" }
edge: { sourcename: "ada__numerics__elementary_functions__arcsin__2" targetname: "__aeabi_fdiv" }
edge: { sourcename: "ada__numerics__elementary_functions__arcsin__2" targetname: "__aeabi_fmul" }
edge: { sourcename: "ada__numerics__elementary_functions__arcsin__2" targetname: "__aeabi_fmul" }
node: { title: "ada__numerics__elementary_functions__arcsinh" label: "Arcsinh\n/home/julius/Programmieren/stm32f0304p6/light-cortex-m0/gnat/s-gcmain.adb:432:4\n8 bytes (static)\n0 dynamic objects" }
node: { title: "asinhf" label: "Asinh\n/home/julius/Programmieren/stm32f0304p6/light-cortex-m0/gnat/s-libsin.ads:150:13" shape : ellipse }
edge: { sourcename: "ada__numerics__elementary_functions__arcsinh" targetname: "asinhf" label: "/home/julius/Programmieren/stm32f0304p6/light-cortex-m0/gnat/s-gcmain.adb:433:7" }
node: { title: "ada__numerics__elementary_functions__arctan" label: "Arctan\n/home/julius/Programmieren/stm32f0304p6/light-cortex-m0/gnat/s-gcmain.adb:464:4\n16 bytes (static)\n0 dynamic objects" }
edge: { sourcename: "ada__numerics__elementary_functions__arctan" targetname: "__aeabi_fcmpeq" }
edge: { sourcename: "ada__numerics__elementary_functions__arctan" targetname: "__aeabi_fcmpeq" }
edge: { sourcename: "ada__numerics__elementary_functions__arctan" targetname: "/home/julius/Programmieren/stm32f0304p6/light-cortex-m0/gnat/a-nuelfu.ads:ada__numerics__elementary_functions__arctan.part.0" }
edge: { sourcename: "ada__numerics__elementary_functions__arctan" targetname: "atan2f" label: "/home/julius/Programmieren/stm32f0304p6/light-cortex-m0/gnat/s-gcmain.adb:473:14" }
node: { title: "ada__numerics__elementary_functions__arctan__2" label: "Arctan\n/home/julius/Programmieren/stm32f0304p6/light-cortex-m0/gnat/s-gcmain.adb:502:4\n16 bytes (static)\n0 dynamic objects" }
edge: { sourcename: "ada__numerics__elementary_functions__arctan__2" targetname: "__aeabi_fcmpun" }
edge: { sourcename: "ada__numerics__elementary_functions__arctan__2" targetname: "__aeabi_fcmple" }
edge: { sourcename: "ada__numerics__elementary_functions__arctan__2" targetname: "ada__exceptions__call_last_chance_handler_with_message" label: "/home/julius/Programmieren/stm32f0304p6/light-cortex-m0/gnat/a-except.adb:95:10" }
edge: { sourcename: "ada__numerics__elementary_functions__arctan__2" targetname: "__aeabi_fcmpeq" }
edge: { sourcename: "ada__numerics__elementary_functions__arctan__2" targetname: "__aeabi_fcmpeq" }
edge: { sourcename: "ada__numerics__elementary_functions__arctan__2" targetname: "ada__exceptions__call_last_chance_handler_with_message" label: "/home/julius/Programmieren/stm32f0304p6/light-cortex-m0/gnat/a-except.adb:95:10" }
edge: { sourcename: "ada__numerics__elementary_functions__arctan__2" targetname: "__aeabi_fcmpgt" }
edge: { sourcename: "ada__numerics__elementary_functions__arctan__2" targetname: "__aeabi_fmul" }
edge: { sourcename: "ada__numerics__elementary_functions__arctan__2" targetname: "__aeabi_fcmplt" }
edge: { sourcename: "ada__numerics__elementary_functions__arctan__2" targetname: "__aeabi_fmul" }
edge: { sourcename: "ada__numerics__elementary_functions__arctan__2" targetname: "__aeabi_fcmpeq" }
edge: { sourcename: "ada__numerics__elementary_functions__arctan__2" targetname: "__aeabi_fcmpgt" }
edge: { sourcename: "ada__numerics__elementary_functions__arctan__2" targetname: "__aeabi_fcmplt" }
edge: { sourcename: "ada__numerics__elementary_functions__arctan__2" targetname: "__aeabi_fmul" }
edge: { sourcename: "ada__numerics__elementary_functions__arctan__2" targetname: "atan2f" label: "/home/julius/Programmieren/stm32f0304p6/light-cortex-m0/gnat/s-gcmain.adb:538:14" }
edge: { sourcename: "ada__numerics__elementary_functions__arctan__2" targetname: "__aeabi_fmul" }
edge: { sourcename: "ada__numerics__elementary_functions__arctan__2" targetname: "__aeabi_fdiv" }
node: { title: "ada__numerics__elementary_functions__arccot__2" label: "Arccot\n/home/julius/Programmieren/stm32f0304p6/light-cortex-m0/gnat/s-gcmain.adb:293:4\n16 bytes (static)\n0 dynamic objects" }
edge: { sourcename: "ada__numerics__elementary_functions__arccot__2" targetname: "__aeabi_fcmpeq" }
edge: { sourcename: "ada__numerics__elementary_functions__arccot__2" targetname: "__aeabi_fcmpeq" }
edge: { sourcename: "ada__numerics__elementary_functions__arccot__2" targetname: "ada__exceptions__call_last_chance_handler_with_message" label: "/home/julius/Programmieren/stm32f0304p6/light-cortex-m0/gnat/a-except.adb:95:10" }
edge: { sourcename: "ada__numerics__elementary_functions__arccot__2" targetname: "ada__numerics__elementary_functions__arctan__2" label: "/home/julius/Programmieren/stm32f0304p6/light-cortex-m0/gnat/s-gcmain.adb:305:17" }
node: { title: "ada__numerics__elementary_functions__arctanh" label: "Arctanh\n/home/julius/Programmieren/stm32f0304p6/light-cortex-m0/gnat/s-gcmain.adb:554:4\n16 bytes (static)\n0 dynamic objects" }
edge: { sourcename: "ada__numerics__elementary_functions__arctanh" targetname: "__aeabi_fcmpun" }
edge: { sourcename: "ada__numerics__elementary_functions__arctanh" targetname: "__aeabi_fcmpge" }
edge: { sourcename: "ada__numerics__elementary_functions__arctanh" targetname: "__aeabi_fcmpeq" }
edge: { sourcename: "ada__numerics__elementary_functions__arctanh" targetname: "__gnat_last_chance_handler" label: "/home/julius/Programmieren/stm32f0304p6/light-cortex-m0/gnat/s-gcmain.adb:558:13" }
edge: { sourcename: "ada__numerics__elementary_functions__arctanh" targetname: "ada__exceptions__call_last_chance_handler_with_message" label: "/home/julius/Programmieren/stm32f0304p6/light-cortex-m0/gnat/a-except.adb:95:10" }
edge: { sourcename: "ada__numerics__elementary_functions__arctanh" targetname: "atanhf" label: "/home/julius/Programmieren/stm32f0304p6/light-cortex-m0/gnat/s-gcmain.adb:563:17" }
node: { title: "ada__numerics__elementary_functions__cos" label: "Cos\n/home/julius/Programmieren/stm32f0304p6/light-cortex-m0/gnat/s-gcmain.adb:581:4\n8 bytes (static)\n0 dynamic objects" }
node: { title: "cosf" label: "Cos\n/home/julius/Programmieren/stm32f0304p6/light-cortex-m0/gnat/s-libsin.ads:241:13" shape : ellipse }
edge: { sourcename: "ada__numerics__elementary_functions__cos" targetname: "cosf" label: "/home/julius/Programmieren/stm32f0304p6/light-cortex-m0/gnat/s-gcmain.adb:583:14" }
node: { title: "ada__numerics__elementary_functions__cosh" label: "Cosh\n/home/julius/Programmieren/stm32f0304p6/light-cortex-m0/gnat/s-gcmain.adb:620:4\n8 bytes (static)\n0 dynamic objects" }
node: { title: "coshf" label: "Cosh\n/home/julius/Programmieren/stm32f0304p6/light-cortex-m0/gnat/s-libsin.ads:264:13" shape : ellipse }
edge: { sourcename: "ada__numerics__elementary_functions__cosh" targetname: "coshf" label: "/home/julius/Programmieren/stm32f0304p6/light-cortex-m0/gnat/s-gcmain.adb:621:7" }
node: { title: "ada__numerics__elementary_functions__cot" label: "Cot\n/home/julius/Programmieren/stm32f0304p6/light-cortex-m0/gnat/s-gcmain.adb:635:4\n8 bytes (static)\n0 dynamic objects" }
edge: { sourcename: "ada__numerics__elementary_functions__cot" targetname: "__aeabi_fcmpeq" }
edge: { sourcename: "ada__numerics__elementary_functions__cot" targetname: "__gnat_last_chance_handler" label: "/home/julius/Programmieren/stm32f0304p6/light-cortex-m0/gnat/s-gcmain.adb:638:10" }
node: { title: "tanf" label: "Tan\n/home/julius/Programmieren/stm32f0304p6/light-cortex-m0/gnat/s-libsin.ads:485:13" shape : ellipse }
edge: { sourcename: "ada__numerics__elementary_functions__cot" targetname: "tanf" label: "/home/julius/Programmieren/stm32f0304p6/light-cortex-m0/gnat/s-gcmain.adb:640:23" }
edge: { sourcename: "ada__numerics__elementary_functions__cot" targetname: "__aeabi_fdiv" }
node: { title: "ada__numerics__elementary_functions__cot__2" label: "Cot\n/home/julius/Programmieren/stm32f0304p6/light-cortex-m0/gnat/s-gcmain.adb:656:4\n16 bytes (static)\n0 dynamic objects" }
edge: { sourcename: "ada__numerics__elementary_functions__cot__2" targetname: "__aeabi_fcmpun" }
edge: { sourcename: "ada__numerics__elementary_functions__cot__2" targetname: "__aeabi_fcmple" }
edge: { sourcename: "ada__numerics__elementary_functions__cot__2" targetname: "ada__exceptions__call_last_chance_handler_with_message" label: "/home/julius/Programmieren/stm32f0304p6/light-cortex-m0/gnat/a-except.adb:95:10" }
node: { title: "system__fat_flt__attr_float__remainder" label: "Remainder\n/home/julius/Programmieren/stm32f0304p6/light-cortex-m0/gnat/s-fatgen.ads:77:13" shape : ellipse }
edge: { sourcename: "ada__numerics__elementary_functions__cot__2" targetname: "system__fat_flt__attr_float__remainder" label: "/home/julius/Programmieren/stm32f0304p6/light-cortex-m0/gnat/s-gcmain.adb:664:27" }
edge: { sourcename: "ada__numerics__elementary_functions__cot__2" targetname: "__aeabi_fdiv" }
edge: { sourcename: "ada__numerics__elementary_functions__cot__2" targetname: "__aeabi_fcmpeq" }
edge: { sourcename: "ada__numerics__elementary_functions__cot__2" targetname: "__aeabi_fcmpeq" }
edge: { sourcename: "ada__numerics__elementary_functions__cot__2" targetname: "__gnat_last_chance_handler" label: "/home/julius/Programmieren/stm32f0304p6/light-cortex-m0/gnat/s-gcmain.adb:668:10" }
edge: { sourcename: "ada__numerics__elementary_functions__cot__2" targetname: "__aeabi_fcmpeq" }
edge: { sourcename: "ada__numerics__elementary_functions__cot__2" targetname: "tanf" label: "/home/julius/Programmieren/stm32f0304p6/light-cortex-m0/gnat/s-gcmain.adb:675:20" }
edge: { sourcename: "ada__numerics__elementary_functions__cot__2" targetname: "__aeabi_fadd" }
edge: { sourcename: "ada__numerics__elementary_functions__cot__2" targetname: "__aeabi_fmul" }
edge: { sourcename: "ada__numerics__elementary_functions__cot__2" targetname: "__aeabi_fdiv" }
node: { title: "ada__numerics__elementary_functions__coth" label: "Coth\n/home/julius/Programmieren/stm32f0304p6/light-cortex-m0/gnat/s-gcmain.adb:690:4\n8 bytes (static)\n0 dynamic objects" }
edge: { sourcename: "ada__numerics__elementary_functions__coth" targetname: "__aeabi_fcmpeq" }
edge: { sourcename: "ada__numerics__elementary_functions__coth" targetname: "ada__exceptions__call_last_chance_handler_with_message" label: "/home/julius/Programmieren/stm32f0304p6/light-cortex-m0/gnat/a-except.adb:95:10" }
node: { title: "tanhf" label: "Tanh\n/home/julius/Programmieren/stm32f0304p6/light-cortex-m0/gnat/s-libsin.ads:505:13" shape : ellipse }
edge: { sourcename: "ada__numerics__elementary_functions__coth" targetname: "tanhf" label: "/home/julius/Programmieren/stm32f0304p6/light-cortex-m0/gnat/s-gcmain.adb:695:23" }
edge: { sourcename: "ada__numerics__elementary_functions__coth" targetname: "__aeabi_fdiv" }
node: { title: "ada__numerics__elementary_functions__exp" label: "Exp\n/home/julius/Programmieren/stm32f0304p6/light-cortex-m0/gnat/s-gcmain.adb:713:4\n8 bytes (static)\n0 dynamic objects" }
node: { title: "expf" label: "Exp\n/home/julius/Programmieren/stm32f0304p6/light-cortex-m0/gnat/s-libsin.ads:287:13" shape : ellipse }
edge: { sourcename: "ada__numerics__elementary_functions__exp" targetname: "expf" label: "/home/julius/Programmieren/stm32f0304p6/light-cortex-m0/gnat/s-gcmain.adb:715:14" }
node: { title: "ada__numerics__elementary_functions__log" label: "Log\n/home/julius/Programmieren/stm32f0304p6/light-cortex-m0/gnat/s-gcmain.adb:736:4\n8 bytes (static)\n0 dynamic objects" }
edge: { sourcename: "ada__numerics__elementary_functions__log" targetname: "__aeabi_fcmpun" }
edge: { sourcename: "ada__numerics__elementary_functions__log" targetname: "__aeabi_fcmple" }
edge: { sourcename: "ada__numerics__elementary_functions__log" targetname: "__aeabi_fcmpeq" }
edge: { sourcename: "ada__numerics__elementary_functions__log" targetname: "__gnat_last_chance_handler" label: "/home/julius/Programmieren/stm32f0304p6/light-cortex-m0/gnat/s-gcmain.adb:744:13" }
edge: { sourcename: "ada__numerics__elementary_functions__log" targetname: "ada__exceptions__call_last_chance_handler_with_message" label: "/home/julius/Programmieren/stm32f0304p6/light-cortex-m0/gnat/a-except.adb:95:10" }
edge: { sourcename: "ada__numerics__elementary_functions__log" targetname: "logf" label: "/home/julius/Programmieren/stm32f0304p6/light-cortex-m0/gnat/s-gcmain.adb:750:14" }
node: { title: "ada__numerics__elementary_functions__log__2" label: "Log\n/home/julius/Programmieren/stm32f0304p6/light-cortex-m0/gnat/s-gcmain.adb:767:4\n16 bytes (static)\n0 dynamic objects" }
edge: { sourcename: "ada__numerics__elementary_functions__log__2" targetname: "__aeabi_fcmpun" }
edge: { sourcename: "ada__numerics__elementary_functions__log__2" targetname: "__aeabi_fcmple" }
edge: { sourcename: "ada__numerics__elementary_functions__log__2" targetname: "__aeabi_fcmpun" }
edge: { sourcename: "ada__numerics__elementary_functions__log__2" targetname: "__aeabi_fcmple" }
edge: { sourcename: "ada__numerics__elementary_functions__log__2" targetname: "__aeabi_fcmpun" }
edge: { sourcename: "ada__numerics__elementary_functions__log__2" targetname: "__aeabi_fcmplt" }
edge: { sourcename: "ada__numerics__elementary_functions__log__2" targetname: "__aeabi_fcmpun" }
edge: { sourcename: "ada__numerics__elementary_functions__log__2" targetname: "__aeabi_fcmple" }
edge: { sourcename: "ada__numerics__elementary_functions__log__2" targetname: "__aeabi_fcmpeq" }
edge: { sourcename: "ada__numerics__elementary_functions__log__2" targetname: "ada__exceptions__call_last_chance_handler_with_message" label: "/home/julius/Programmieren/stm32f0304p6/light-cortex-m0/gnat/a-except.adb:95:10" }
edge: { sourcename: "ada__numerics__elementary_functions__log__2" targetname: "__aeabi_fcmpeq" }
edge: { sourcename: "ada__numerics__elementary_functions__log__2" targetname: "__gnat_last_chance_handler" label: "/home/julius/Programmieren/stm32f0304p6/light-cortex-m0/gnat/s-gcmain.adb:784:13" }
edge: { sourcename: "ada__numerics__elementary_functions__log__2" targetname: "logf" label: "/home/julius/Programmieren/stm32f0304p6/light-cortex-m0/gnat/s-gcmain.adb:788:14" }
edge: { sourcename: "ada__numerics__elementary_functions__log__2" targetname: "logf" label: "/home/julius/Programmieren/stm32f0304p6/light-cortex-m0/gnat/s-gcmain.adb:788:26" }
edge: { sourcename: "ada__numerics__elementary_functions__log__2" targetname: "__aeabi_fdiv" }
node: { title: "ada__numerics__elementary_functions__sin" label: "Sin\n/home/julius/Programmieren/stm32f0304p6/light-cortex-m0/gnat/s-gcmain.adb:807:4\n8 bytes (static)\n0 dynamic objects" }
node: { title: "sinf" label: "Sin\n/home/julius/Programmieren/stm32f0304p6/light-cortex-m0/gnat/s-libsin.ads:431:13" shape : ellipse }
edge: { sourcename: "ada__numerics__elementary_functions__sin" targetname: "sinf" label: "/home/julius/Programmieren/stm32f0304p6/light-cortex-m0/gnat/s-gcmain.adb:809:14" }
node: { title: "ada__numerics__elementary_functions__sin__2" label: "Sin\n/home/julius/Programmieren/stm32f0304p6/light-cortex-m0/gnat/s-gcmain.adb:826:4\n16 bytes (static)\n0 dynamic objects" }
edge: { sourcename: "ada__numerics__elementary_functions__sin__2" targetname: "__aeabi_fcmpun" }
edge: { sourcename: "ada__numerics__elementary_functions__sin__2" targetname: "__aeabi_fcmple" }
edge: { sourcename: "ada__numerics__elementary_functions__sin__2" targetname: "ada__exceptions__call_last_chance_handler_with_message" label: "/home/julius/Programmieren/stm32f0304p6/light-cortex-m0/gnat/a-except.adb:95:10" }
edge: { sourcename: "ada__numerics__elementary_functions__sin__2" targetname: "system__fat_flt__attr_float__remainder" label: "/home/julius/Programmieren/stm32f0304p6/light-cortex-m0/gnat/s-gcmain.adb:834:27" }
edge: { sourcename: "ada__numerics__elementary_functions__sin__2" targetname: "__aeabi_fmul" }
edge: { sourcename: "ada__numerics__elementary_functions__sin__2" targetname: "__aeabi_fcmplt" }
edge: { sourcename: "ada__numerics__elementary_functions__sin__2" targetname: "__aeabi_fmul" }
edge: { sourcename: "ada__numerics__elementary_functions__sin__2" targetname: "__aeabi_fsub" }
edge: { sourcename: "ada__numerics__elementary_functions__sin__2" targetname: "__aeabi_fcmpgt" }
edge: { sourcename: "ada__numerics__elementary_functions__sin__2" targetname: "__aeabi_fmul" }
edge: { sourcename: "ada__numerics__elementary_functions__sin__2" targetname: "__aeabi_fsub" }
edge: { sourcename: "ada__numerics__elementary_functions__sin__2" targetname: "sinf" label: "/home/julius/Programmieren/stm32f0304p6/light-cortex-m0/gnat/s-gcmain.adb:846:14" }
edge: { sourcename: "ada__numerics__elementary_functions__sin__2" targetname: "__aeabi_fdiv" }
edge: { sourcename: "ada__numerics__elementary_functions__sin__2" targetname: "__aeabi_fadd" }
edge: { sourcename: "ada__numerics__elementary_functions__sin__2" targetname: "__aeabi_fmul" }
node: { title: "ada__numerics__elementary_functions__cos__2" label: "Cos\n/home/julius/Programmieren/stm32f0304p6/light-cortex-m0/gnat/s-gcmain.adb:600:4\n16 bytes (static)\n0 dynamic objects" }
edge: { sourcename: "ada__numerics__elementary_functions__cos__2" targetname: "ada__numerics__elementary_functions__sin__2" label: "/home/julius/Programmieren/stm32f0304p6/light-cortex-m0/gnat/s-gcmain.adb:605:15" }
edge: { sourcename: "ada__numerics__elementary_functions__cos__2" targetname: "__aeabi_fmul" }
edge: { sourcename: "ada__numerics__elementary_functions__cos__2" targetname: "__aeabi_fsub" }
node: { title: "ada__numerics__elementary_functions__sinh" label: "Sinh\n/home/julius/Programmieren/stm32f0304p6/light-cortex-m0/gnat/s-gcmain.adb:858:4\n8 bytes (static)\n0 dynamic objects" }
node: { title: "sinhf" label: "Sinh\n/home/julius/Programmieren/stm32f0304p6/light-cortex-m0/gnat/s-libsin.ads:451:13" shape : ellipse }
edge: { sourcename: "ada__numerics__elementary_functions__sinh" targetname: "sinhf" label: "/home/julius/Programmieren/stm32f0304p6/light-cortex-m0/gnat/s-gcmain.adb:859:7" }
node: { title: "ada__numerics__elementary_functions__sqrt" label: "Sqrt\n/home/julius/Programmieren/stm32f0304p6/light-cortex-m0/gnat/s-gcmain.adb:881:4\n8 bytes (static)\n0 dynamic objects" }
edge: { sourcename: "ada__numerics__elementary_functions__sqrt" targetname: "__aeabi_fcmpun" }
edge: { sourcename: "ada__numerics__elementary_functions__sqrt" targetname: "__aeabi_fcmplt" }
edge: { sourcename: "ada__numerics__elementary_functions__sqrt" targetname: "ada__exceptions__call_last_chance_handler_with_message" label: "/home/julius/Programmieren/stm32f0304p6/light-cortex-m0/gnat/a-except.adb:95:10" }
node: { title: "system__libm_single__sqrt" label: "Sqrt\n/home/julius/Programmieren/stm32f0304p6/light-cortex-m0/gnat/s-libsin.ads:471:13" shape : ellipse }
edge: { sourcename: "ada__numerics__elementary_functions__sqrt" targetname: "system__libm_single__sqrt" label: "/home/julius/Programmieren/stm32f0304p6/light-cortex-m0/gnat/s-gcmain.adb:887:14" }
node: { title: "ada__numerics__elementary_functions__tan" label: "Tan\n/home/julius/Programmieren/stm32f0304p6/light-cortex-m0/gnat/s-gcmain.adb:905:4\n8 bytes (static)\n0 dynamic objects" }
edge: { sourcename: "ada__numerics__elementary_functions__tan" targetname: "tanf" label: "/home/julius/Programmieren/stm32f0304p6/light-cortex-m0/gnat/s-gcmain.adb:907:14" }
node: { title: "ada__numerics__elementary_functions__tan__2" label: "Tan\n/home/julius/Programmieren/stm32f0304p6/light-cortex-m0/gnat/s-gcmain.adb:924:4\n16 bytes (static)\n0 dynamic objects" }
edge: { sourcename: "ada__numerics__elementary_functions__tan__2" targetname: "__aeabi_fcmpun" }
edge: { sourcename: "ada__numerics__elementary_functions__tan__2" targetname: "__aeabi_fcmple" }
edge: { sourcename: "ada__numerics__elementary_functions__tan__2" targetname: "ada__exceptions__call_last_chance_handler_with_message" label: "/home/julius/Programmieren/stm32f0304p6/light-cortex-m0/gnat/a-except.adb:95:10" }
edge: { sourcename: "ada__numerics__elementary_functions__tan__2" targetname: "system__fat_flt__attr_float__remainder" label: "/home/julius/Programmieren/stm32f0304p6/light-cortex-m0/gnat/s-gcmain.adb:933:27" }
edge: { sourcename: "ada__numerics__elementary_functions__tan__2" targetname: "__aeabi_fdiv" }
edge: { sourcename: "ada__numerics__elementary_functions__tan__2" targetname: "__aeabi_fcmpeq" }
edge: { sourcename: "ada__numerics__elementary_functions__tan__2" targetname: "__gnat_last_chance_handler" label: "/home/julius/Programmieren/stm32f0304p6/light-cortex-m0/gnat/s-gcmain.adb:942:10" }
edge: { sourcename: "ada__numerics__elementary_functions__tan__2" targetname: "__aeabi_fcmpeq" }
edge: { sourcename: "ada__numerics__elementary_functions__tan__2" targetname: "tanf" label: "/home/julius/Programmieren/stm32f0304p6/light-cortex-m0/gnat/s-gcmain.adb:949:14" }
edge: { sourcename: "ada__numerics__elementary_functions__tan__2" targetname: "__aeabi_fadd" }
edge: { sourcename: "ada__numerics__elementary_functions__tan__2" targetname: "__aeabi_fmul" }
node: { title: "ada__numerics__elementary_functions__tanh" label: "Tanh\n/home/julius/Programmieren/stm32f0304p6/light-cortex-m0/gnat/s-gcmain.adb:964:4\n8 bytes (static)\n0 dynamic objects" }
edge: { sourcename: "ada__numerics__elementary_functions__tanh" targetname: "tanhf" label: "/home/julius/Programmieren/stm32f0304p6/light-cortex-m0/gnat/s-gcmain.adb:965:7" }
}
