graph: { title: "/home/julius/Programmieren/stm32f0304p6/light-cortex-m0/gnat/s-carsi8.adb"
node: { title: "system__compare_array_signed_8__Tbig_wordsBIP" label: "Tbig_wordsBIP\n<built-in>\n0 bytes (static)\n0 dynamic objects" }
node: { title: "system__compare_array_signed_8__Tbig_bytesBIP" label: "Tbig_bytesBIP\n<built-in>\n0 bytes (static)\n0 dynamic objects" }
node: { title: "system__compare_array_signed_8__compare_array_s8" label: "Compare_Array_S8\n/home/julius/Programmieren/stm32f0304p6/light-cortex-m0/gnat/s-carsi8.adb:65:4\n24 bytes (static)\n0 dynamic objects" }
node: { title: "system__compare_array_signed_8__compare_array_s8_unaligned" label: "Compare_Array_S8_Unaligned\n/home/julius/Programmieren/stm32f0304p6/light-cortex-m0/gnat/s-carsi8.adb:119:4\n20 bytes (static)\n0 dynamic objects" }
}
