graph: { title: "/home/julius/Programmieren/stm32f0304p6/light-cortex-m0/gnat/s-exnllf.ads"
node: { title: "/home/julius/Programmieren/stm32f0304p6/light-cortex-m0/gnat/s-exnllf.ads:system__exn_llf__exn_long_long_float__expon.0" label: "Expon\n/home/julius/Programmieren/stm32f0304p6/light-cortex-m0/gnat/s-exponr.adb:70:4\n152 bytes (static)\n0 dynamic objects" }
node: { title: "__aeabi_dmul" label: "aeabi_dmul\n<built-in>" shape : ellipse }
edge: { sourcename: "/home/julius/Programmieren/stm32f0304p6/light-cortex-m0/gnat/s-exnllf.ads:system__exn_llf__exn_long_long_float__expon.0" targetname: "__aeabi_dmul" }
node: { title: "__aeabi_dsub" label: "aeabi_dsub\n<built-in>" shape : ellipse }
edge: { sourcename: "/home/julius/Programmieren/stm32f0304p6/light-cortex-m0/gnat/s-exnllf.ads:system__exn_llf__exn_long_long_float__expon.0" targetname: "__aeabi_dsub" }
node: { title: "__aeabi_dcmpeq" label: "aeabi_dcmpeq\n<built-in>" shape : ellipse }
edge: { sourcename: "/home/julius/Programmieren/stm32f0304p6/light-cortex-m0/gnat/s-exnllf.ads:system__exn_llf__exn_long_long_float__expon.0" targetname: "__aeabi_dcmpeq" }
edge: { sourcename: "/home/julius/Programmieren/stm32f0304p6/light-cortex-m0/gnat/s-exnllf.ads:system__exn_llf__exn_long_long_float__expon.0" targetname: "__aeabi_dcmpeq" }
edge: { sourcename: "/home/julius/Programmieren/stm32f0304p6/light-cortex-m0/gnat/s-exnllf.ads:system__exn_llf__exn_long_long_float__expon.0" targetname: "__aeabi_dcmpeq" }
edge: { sourcename: "/home/julius/Programmieren/stm32f0304p6/light-cortex-m0/gnat/s-exnllf.ads:system__exn_llf__exn_long_long_float__expon.0" targetname: "__aeabi_dcmpeq" }
edge: { sourcename: "/home/julius/Programmieren/stm32f0304p6/light-cortex-m0/gnat/s-exnllf.ads:system__exn_llf__exn_long_long_float__expon.0" targetname: "__aeabi_dsub" }
edge: { sourcename: "/home/julius/Programmieren/stm32f0304p6/light-cortex-m0/gnat/s-exnllf.ads:system__exn_llf__exn_long_long_float__expon.0" targetname: "__aeabi_dcmpeq" }
edge: { sourcename: "/home/julius/Programmieren/stm32f0304p6/light-cortex-m0/gnat/s-exnllf.ads:system__exn_llf__exn_long_long_float__expon.0" targetname: "__aeabi_dsub" }
edge: { sourcename: "/home/julius/Programmieren/stm32f0304p6/light-cortex-m0/gnat/s-exnllf.ads:system__exn_llf__exn_long_long_float__expon.0" targetname: "__aeabi_dmul" }
edge: { sourcename: "/home/julius/Programmieren/stm32f0304p6/light-cortex-m0/gnat/s-exnllf.ads:system__exn_llf__exn_long_long_float__expon.0" targetname: "__aeabi_dsub" }
edge: { sourcename: "/home/julius/Programmieren/stm32f0304p6/light-cortex-m0/gnat/s-exnllf.ads:system__exn_llf__exn_long_long_float__expon.0" targetname: "__aeabi_dmul" }
node: { title: "__aeabi_dadd" label: "aeabi_dadd\n<built-in>" shape : ellipse }
edge: { sourcename: "/home/julius/Programmieren/stm32f0304p6/light-cortex-m0/gnat/s-exnllf.ads:system__exn_llf__exn_long_long_float__expon.0" targetname: "__aeabi_dadd" }
edge: { sourcename: "/home/julius/Programmieren/stm32f0304p6/light-cortex-m0/gnat/s-exnllf.ads:system__exn_llf__exn_long_long_float__expon.0" targetname: "__aeabi_dmul" }
edge: { sourcename: "/home/julius/Programmieren/stm32f0304p6/light-cortex-m0/gnat/s-exnllf.ads:system__exn_llf__exn_long_long_float__expon.0" targetname: "__aeabi_dadd" }
edge: { sourcename: "/home/julius/Programmieren/stm32f0304p6/light-cortex-m0/gnat/s-exnllf.ads:system__exn_llf__exn_long_long_float__expon.0" targetname: "__aeabi_dmul" }
edge: { sourcename: "/home/julius/Programmieren/stm32f0304p6/light-cortex-m0/gnat/s-exnllf.ads:system__exn_llf__exn_long_long_float__expon.0" targetname: "__aeabi_dadd" }
edge: { sourcename: "/home/julius/Programmieren/stm32f0304p6/light-cortex-m0/gnat/s-exnllf.ads:system__exn_llf__exn_long_long_float__expon.0" targetname: "__aeabi_dmul" }
edge: { sourcename: "/home/julius/Programmieren/stm32f0304p6/light-cortex-m0/gnat/s-exnllf.ads:system__exn_llf__exn_long_long_float__expon.0" targetname: "__aeabi_dadd" }
edge: { sourcename: "/home/julius/Programmieren/stm32f0304p6/light-cortex-m0/gnat/s-exnllf.ads:system__exn_llf__exn_long_long_float__expon.0" targetname: "__aeabi_dmul" }
edge: { sourcename: "/home/julius/Programmieren/stm32f0304p6/light-cortex-m0/gnat/s-exnllf.ads:system__exn_llf__exn_long_long_float__expon.0" targetname: "__aeabi_dadd" }
edge: { sourcename: "/home/julius/Programmieren/stm32f0304p6/light-cortex-m0/gnat/s-exnllf.ads:system__exn_llf__exn_long_long_float__expon.0" targetname: "__aeabi_dadd" }
edge: { sourcename: "/home/julius/Programmieren/stm32f0304p6/light-cortex-m0/gnat/s-exnllf.ads:system__exn_llf__exn_long_long_float__expon.0" targetname: "__aeabi_dsub" }
edge: { sourcename: "/home/julius/Programmieren/stm32f0304p6/light-cortex-m0/gnat/s-exnllf.ads:system__exn_llf__exn_long_long_float__expon.0" targetname: "__aeabi_dsub" }
edge: { sourcename: "/home/julius/Programmieren/stm32f0304p6/light-cortex-m0/gnat/s-exnllf.ads:system__exn_llf__exn_long_long_float__expon.0" targetname: "__aeabi_dmul" }
edge: { sourcename: "/home/julius/Programmieren/stm32f0304p6/light-cortex-m0/gnat/s-exnllf.ads:system__exn_llf__exn_long_long_float__expon.0" targetname: "__aeabi_dsub" }
edge: { sourcename: "/home/julius/Programmieren/stm32f0304p6/light-cortex-m0/gnat/s-exnllf.ads:system__exn_llf__exn_long_long_float__expon.0" targetname: "__aeabi_dcmpeq" }
edge: { sourcename: "/home/julius/Programmieren/stm32f0304p6/light-cortex-m0/gnat/s-exnllf.ads:system__exn_llf__exn_long_long_float__expon.0" targetname: "__aeabi_dcmpeq" }
edge: { sourcename: "/home/julius/Programmieren/stm32f0304p6/light-cortex-m0/gnat/s-exnllf.ads:system__exn_llf__exn_long_long_float__expon.0" targetname: "__aeabi_dcmpeq" }
edge: { sourcename: "/home/julius/Programmieren/stm32f0304p6/light-cortex-m0/gnat/s-exnllf.ads:system__exn_llf__exn_long_long_float__expon.0" targetname: "__aeabi_dcmpeq" }
edge: { sourcename: "/home/julius/Programmieren/stm32f0304p6/light-cortex-m0/gnat/s-exnllf.ads:system__exn_llf__exn_long_long_float__expon.0" targetname: "__aeabi_dsub" }
edge: { sourcename: "/home/julius/Programmieren/stm32f0304p6/light-cortex-m0/gnat/s-exnllf.ads:system__exn_llf__exn_long_long_float__expon.0" targetname: "__aeabi_dmul" }
edge: { sourcename: "/home/julius/Programmieren/stm32f0304p6/light-cortex-m0/gnat/s-exnllf.ads:system__exn_llf__exn_long_long_float__expon.0" targetname: "__aeabi_dsub" }
edge: { sourcename: "/home/julius/Programmieren/stm32f0304p6/light-cortex-m0/gnat/s-exnllf.ads:system__exn_llf__exn_long_long_float__expon.0" targetname: "__aeabi_dmul" }
edge: { sourcename: "/home/julius/Programmieren/stm32f0304p6/light-cortex-m0/gnat/s-exnllf.ads:system__exn_llf__exn_long_long_float__expon.0" targetname: "__aeabi_dadd" }
edge: { sourcename: "/home/julius/Programmieren/stm32f0304p6/light-cortex-m0/gnat/s-exnllf.ads:system__exn_llf__exn_long_long_float__expon.0" targetname: "__aeabi_dmul" }
edge: { sourcename: "/home/julius/Programmieren/stm32f0304p6/light-cortex-m0/gnat/s-exnllf.ads:system__exn_llf__exn_long_long_float__expon.0" targetname: "__aeabi_dadd" }
edge: { sourcename: "/home/julius/Programmieren/stm32f0304p6/light-cortex-m0/gnat/s-exnllf.ads:system__exn_llf__exn_long_long_float__expon.0" targetname: "__aeabi_dadd" }
edge: { sourcename: "/home/julius/Programmieren/stm32f0304p6/light-cortex-m0/gnat/s-exnllf.ads:system__exn_llf__exn_long_long_float__expon.0" targetname: "__aeabi_dadd" }
edge: { sourcename: "/home/julius/Programmieren/stm32f0304p6/light-cortex-m0/gnat/s-exnllf.ads:system__exn_llf__exn_long_long_float__expon.0" targetname: "__aeabi_dmul" }
edge: { sourcename: "/home/julius/Programmieren/stm32f0304p6/light-cortex-m0/gnat/s-exnllf.ads:system__exn_llf__exn_long_long_float__expon.0" targetname: "__aeabi_dadd" }
edge: { sourcename: "/home/julius/Programmieren/stm32f0304p6/light-cortex-m0/gnat/s-exnllf.ads:system__exn_llf__exn_long_long_float__expon.0" targetname: "__aeabi_dmul" }
edge: { sourcename: "/home/julius/Programmieren/stm32f0304p6/light-cortex-m0/gnat/s-exnllf.ads:system__exn_llf__exn_long_long_float__expon.0" targetname: "__aeabi_dadd" }
edge: { sourcename: "/home/julius/Programmieren/stm32f0304p6/light-cortex-m0/gnat/s-exnllf.ads:system__exn_llf__exn_long_long_float__expon.0" targetname: "__aeabi_dadd" }
edge: { sourcename: "/home/julius/Programmieren/stm32f0304p6/light-cortex-m0/gnat/s-exnllf.ads:system__exn_llf__exn_long_long_float__expon.0" targetname: "__aeabi_dsub" }
edge: { sourcename: "/home/julius/Programmieren/stm32f0304p6/light-cortex-m0/gnat/s-exnllf.ads:system__exn_llf__exn_long_long_float__expon.0" targetname: "__aeabi_dsub" }
node: { title: "system__exn_llf__exn_long_long_float" label: "Exn_Long_Long_Float\n/home/julius/Programmieren/stm32f0304p6/light-cortex-m0/gnat/s-exponr.adb:52:1\n16 bytes (static)\n0 dynamic objects" }
edge: { sourcename: "system__exn_llf__exn_long_long_float" targetname: "__aeabi_dmul" }
edge: { sourcename: "system__exn_llf__exn_long_long_float" targetname: "__aeabi_dmul" }
edge: { sourcename: "system__exn_llf__exn_long_long_float" targetname: "__aeabi_dmul" }
edge: { sourcename: "system__exn_llf__exn_long_long_float" targetname: "__aeabi_dmul" }
edge: { sourcename: "system__exn_llf__exn_long_long_float" targetname: "__aeabi_dmul" }
edge: { sourcename: "system__exn_llf__exn_long_long_float" targetname: "__aeabi_dmul" }
edge: { sourcename: "system__exn_llf__exn_long_long_float" targetname: "__aeabi_dmul" }
edge: { sourcename: "system__exn_llf__exn_long_long_float" targetname: "__aeabi_dmul" }
edge: { sourcename: "system__exn_llf__exn_long_long_float" targetname: "__aeabi_dmul" }
edge: { sourcename: "system__exn_llf__exn_long_long_float" targetname: "__aeabi_dmul" }
edge: { sourcename: "system__exn_llf__exn_long_long_float" targetname: "/home/julius/Programmieren/stm32f0304p6/light-cortex-m0/gnat/s-exnllf.ads:system__exn_llf__exn_long_long_float__expon.0" label: "/home/julius/Programmieren/stm32f0304p6/light-cortex-m0/gnat/s-exponr.adb:123:30" }
node: { title: "__aeabi_ddiv" label: "aeabi_ddiv\n<built-in>" shape : ellipse }
edge: { sourcename: "system__exn_llf__exn_long_long_float" targetname: "__aeabi_ddiv" }
edge: { sourcename: "system__exn_llf__exn_long_long_float" targetname: "/home/julius/Programmieren/stm32f0304p6/light-cortex-m0/gnat/s-exnllf.ads:system__exn_llf__exn_long_long_float__expon.0" label: "/home/julius/Programmieren/stm32f0304p6/light-cortex-m0/gnat/s-exponr.adb:123:30" }
edge: { sourcename: "system__exn_llf__exn_long_long_float" targetname: "__aeabi_dmul" }
edge: { sourcename: "system__exn_llf__exn_long_long_float" targetname: "__aeabi_ddiv" }
edge: { sourcename: "system__exn_llf__exn_long_long_float" targetname: "/home/julius/Programmieren/stm32f0304p6/light-cortex-m0/gnat/s-exnllf.ads:system__exn_llf__exn_long_long_float__expon.0" label: "/home/julius/Programmieren/stm32f0304p6/light-cortex-m0/gnat/s-exponr.adb:123:30" }
}
