graph: { title: "/home/julius/Programmieren/stm32f0304p6/light-cortex-m0/gnat/s-exnflt.ads"
node: { title: "/home/julius/Programmieren/stm32f0304p6/light-cortex-m0/gnat/s-exnflt.ads:system__exn_flt__exn_float__expon.0" label: "Expon\n/home/julius/Programmieren/stm32f0304p6/light-cortex-m0/gnat/s-exponr.adb:70:4\n56 bytes (static)\n0 dynamic objects" }
node: { title: "__aeabi_fmul" label: "aeabi_fmul\n<built-in>" shape : ellipse }
edge: { sourcename: "/home/julius/Programmieren/stm32f0304p6/light-cortex-m0/gnat/s-exnflt.ads:system__exn_flt__exn_float__expon.0" targetname: "__aeabi_fmul" }
node: { title: "__aeabi_fsub" label: "aeabi_fsub\n<built-in>" shape : ellipse }
edge: { sourcename: "/home/julius/Programmieren/stm32f0304p6/light-cortex-m0/gnat/s-exnflt.ads:system__exn_flt__exn_float__expon.0" targetname: "__aeabi_fsub" }
node: { title: "__aeabi_fcmpeq" label: "aeabi_fcmpeq\n<built-in>" shape : ellipse }
edge: { sourcename: "/home/julius/Programmieren/stm32f0304p6/light-cortex-m0/gnat/s-exnflt.ads:system__exn_flt__exn_float__expon.0" targetname: "__aeabi_fcmpeq" }
edge: { sourcename: "/home/julius/Programmieren/stm32f0304p6/light-cortex-m0/gnat/s-exnflt.ads:system__exn_flt__exn_float__expon.0" targetname: "__aeabi_fcmpeq" }
edge: { sourcename: "/home/julius/Programmieren/stm32f0304p6/light-cortex-m0/gnat/s-exnflt.ads:system__exn_flt__exn_float__expon.0" targetname: "__aeabi_fcmpeq" }
edge: { sourcename: "/home/julius/Programmieren/stm32f0304p6/light-cortex-m0/gnat/s-exnflt.ads:system__exn_flt__exn_float__expon.0" targetname: "__aeabi_fcmpeq" }
edge: { sourcename: "/home/julius/Programmieren/stm32f0304p6/light-cortex-m0/gnat/s-exnflt.ads:system__exn_flt__exn_float__expon.0" targetname: "__aeabi_fsub" }
edge: { sourcename: "/home/julius/Programmieren/stm32f0304p6/light-cortex-m0/gnat/s-exnflt.ads:system__exn_flt__exn_float__expon.0" targetname: "__aeabi_fcmpeq" }
edge: { sourcename: "/home/julius/Programmieren/stm32f0304p6/light-cortex-m0/gnat/s-exnflt.ads:system__exn_flt__exn_float__expon.0" targetname: "__aeabi_fsub" }
edge: { sourcename: "/home/julius/Programmieren/stm32f0304p6/light-cortex-m0/gnat/s-exnflt.ads:system__exn_flt__exn_float__expon.0" targetname: "__aeabi_fmul" }
edge: { sourcename: "/home/julius/Programmieren/stm32f0304p6/light-cortex-m0/gnat/s-exnflt.ads:system__exn_flt__exn_float__expon.0" targetname: "__aeabi_fsub" }
edge: { sourcename: "/home/julius/Programmieren/stm32f0304p6/light-cortex-m0/gnat/s-exnflt.ads:system__exn_flt__exn_float__expon.0" targetname: "__aeabi_fmul" }
node: { title: "__aeabi_fadd" label: "aeabi_fadd\n<built-in>" shape : ellipse }
edge: { sourcename: "/home/julius/Programmieren/stm32f0304p6/light-cortex-m0/gnat/s-exnflt.ads:system__exn_flt__exn_float__expon.0" targetname: "__aeabi_fadd" }
edge: { sourcename: "/home/julius/Programmieren/stm32f0304p6/light-cortex-m0/gnat/s-exnflt.ads:system__exn_flt__exn_float__expon.0" targetname: "__aeabi_fmul" }
edge: { sourcename: "/home/julius/Programmieren/stm32f0304p6/light-cortex-m0/gnat/s-exnflt.ads:system__exn_flt__exn_float__expon.0" targetname: "__aeabi_fadd" }
edge: { sourcename: "/home/julius/Programmieren/stm32f0304p6/light-cortex-m0/gnat/s-exnflt.ads:system__exn_flt__exn_float__expon.0" targetname: "__aeabi_fmul" }
edge: { sourcename: "/home/julius/Programmieren/stm32f0304p6/light-cortex-m0/gnat/s-exnflt.ads:system__exn_flt__exn_float__expon.0" targetname: "__aeabi_fadd" }
edge: { sourcename: "/home/julius/Programmieren/stm32f0304p6/light-cortex-m0/gnat/s-exnflt.ads:system__exn_flt__exn_float__expon.0" targetname: "__aeabi_fmul" }
edge: { sourcename: "/home/julius/Programmieren/stm32f0304p6/light-cortex-m0/gnat/s-exnflt.ads:system__exn_flt__exn_float__expon.0" targetname: "__aeabi_fadd" }
edge: { sourcename: "/home/julius/Programmieren/stm32f0304p6/light-cortex-m0/gnat/s-exnflt.ads:system__exn_flt__exn_float__expon.0" targetname: "__aeabi_fmul" }
edge: { sourcename: "/home/julius/Programmieren/stm32f0304p6/light-cortex-m0/gnat/s-exnflt.ads:system__exn_flt__exn_float__expon.0" targetname: "__aeabi_fadd" }
edge: { sourcename: "/home/julius/Programmieren/stm32f0304p6/light-cortex-m0/gnat/s-exnflt.ads:system__exn_flt__exn_float__expon.0" targetname: "__aeabi_fadd" }
edge: { sourcename: "/home/julius/Programmieren/stm32f0304p6/light-cortex-m0/gnat/s-exnflt.ads:system__exn_flt__exn_float__expon.0" targetname: "__aeabi_fsub" }
edge: { sourcename: "/home/julius/Programmieren/stm32f0304p6/light-cortex-m0/gnat/s-exnflt.ads:system__exn_flt__exn_float__expon.0" targetname: "__aeabi_fsub" }
edge: { sourcename: "/home/julius/Programmieren/stm32f0304p6/light-cortex-m0/gnat/s-exnflt.ads:system__exn_flt__exn_float__expon.0" targetname: "__aeabi_fmul" }
edge: { sourcename: "/home/julius/Programmieren/stm32f0304p6/light-cortex-m0/gnat/s-exnflt.ads:system__exn_flt__exn_float__expon.0" targetname: "__aeabi_fsub" }
edge: { sourcename: "/home/julius/Programmieren/stm32f0304p6/light-cortex-m0/gnat/s-exnflt.ads:system__exn_flt__exn_float__expon.0" targetname: "__aeabi_fcmpeq" }
edge: { sourcename: "/home/julius/Programmieren/stm32f0304p6/light-cortex-m0/gnat/s-exnflt.ads:system__exn_flt__exn_float__expon.0" targetname: "__aeabi_fcmpeq" }
edge: { sourcename: "/home/julius/Programmieren/stm32f0304p6/light-cortex-m0/gnat/s-exnflt.ads:system__exn_flt__exn_float__expon.0" targetname: "__aeabi_fcmpeq" }
edge: { sourcename: "/home/julius/Programmieren/stm32f0304p6/light-cortex-m0/gnat/s-exnflt.ads:system__exn_flt__exn_float__expon.0" targetname: "__aeabi_fcmpeq" }
edge: { sourcename: "/home/julius/Programmieren/stm32f0304p6/light-cortex-m0/gnat/s-exnflt.ads:system__exn_flt__exn_float__expon.0" targetname: "__aeabi_fsub" }
edge: { sourcename: "/home/julius/Programmieren/stm32f0304p6/light-cortex-m0/gnat/s-exnflt.ads:system__exn_flt__exn_float__expon.0" targetname: "__aeabi_fmul" }
edge: { sourcename: "/home/julius/Programmieren/stm32f0304p6/light-cortex-m0/gnat/s-exnflt.ads:system__exn_flt__exn_float__expon.0" targetname: "__aeabi_fsub" }
edge: { sourcename: "/home/julius/Programmieren/stm32f0304p6/light-cortex-m0/gnat/s-exnflt.ads:system__exn_flt__exn_float__expon.0" targetname: "__aeabi_fmul" }
edge: { sourcename: "/home/julius/Programmieren/stm32f0304p6/light-cortex-m0/gnat/s-exnflt.ads:system__exn_flt__exn_float__expon.0" targetname: "__aeabi_fadd" }
edge: { sourcename: "/home/julius/Programmieren/stm32f0304p6/light-cortex-m0/gnat/s-exnflt.ads:system__exn_flt__exn_float__expon.0" targetname: "__aeabi_fmul" }
edge: { sourcename: "/home/julius/Programmieren/stm32f0304p6/light-cortex-m0/gnat/s-exnflt.ads:system__exn_flt__exn_float__expon.0" targetname: "__aeabi_fadd" }
edge: { sourcename: "/home/julius/Programmieren/stm32f0304p6/light-cortex-m0/gnat/s-exnflt.ads:system__exn_flt__exn_float__expon.0" targetname: "__aeabi_fadd" }
edge: { sourcename: "/home/julius/Programmieren/stm32f0304p6/light-cortex-m0/gnat/s-exnflt.ads:system__exn_flt__exn_float__expon.0" targetname: "__aeabi_fadd" }
edge: { sourcename: "/home/julius/Programmieren/stm32f0304p6/light-cortex-m0/gnat/s-exnflt.ads:system__exn_flt__exn_float__expon.0" targetname: "__aeabi_fmul" }
edge: { sourcename: "/home/julius/Programmieren/stm32f0304p6/light-cortex-m0/gnat/s-exnflt.ads:system__exn_flt__exn_float__expon.0" targetname: "__aeabi_fadd" }
edge: { sourcename: "/home/julius/Programmieren/stm32f0304p6/light-cortex-m0/gnat/s-exnflt.ads:system__exn_flt__exn_float__expon.0" targetname: "__aeabi_fmul" }
edge: { sourcename: "/home/julius/Programmieren/stm32f0304p6/light-cortex-m0/gnat/s-exnflt.ads:system__exn_flt__exn_float__expon.0" targetname: "__aeabi_fadd" }
edge: { sourcename: "/home/julius/Programmieren/stm32f0304p6/light-cortex-m0/gnat/s-exnflt.ads:system__exn_flt__exn_float__expon.0" targetname: "__aeabi_fadd" }
edge: { sourcename: "/home/julius/Programmieren/stm32f0304p6/light-cortex-m0/gnat/s-exnflt.ads:system__exn_flt__exn_float__expon.0" targetname: "__aeabi_fsub" }
edge: { sourcename: "/home/julius/Programmieren/stm32f0304p6/light-cortex-m0/gnat/s-exnflt.ads:system__exn_flt__exn_float__expon.0" targetname: "__aeabi_fsub" }
node: { title: "system__exn_flt__exn_float" label: "Exn_Float\n/home/julius/Programmieren/stm32f0304p6/light-cortex-m0/gnat/s-exponr.adb:52:1\n8 bytes (static)\n0 dynamic objects" }
edge: { sourcename: "system__exn_flt__exn_float" targetname: "__aeabi_fmul" }
edge: { sourcename: "system__exn_flt__exn_float" targetname: "__aeabi_fmul" }
edge: { sourcename: "system__exn_flt__exn_float" targetname: "__aeabi_fmul" }
edge: { sourcename: "system__exn_flt__exn_float" targetname: "__aeabi_fmul" }
edge: { sourcename: "system__exn_flt__exn_float" targetname: "__aeabi_fmul" }
edge: { sourcename: "system__exn_flt__exn_float" targetname: "__aeabi_fmul" }
edge: { sourcename: "system__exn_flt__exn_float" targetname: "__aeabi_fmul" }
edge: { sourcename: "system__exn_flt__exn_float" targetname: "__aeabi_fmul" }
edge: { sourcename: "system__exn_flt__exn_float" targetname: "__aeabi_fmul" }
edge: { sourcename: "system__exn_flt__exn_float" targetname: "__aeabi_fmul" }
edge: { sourcename: "system__exn_flt__exn_float" targetname: "/home/julius/Programmieren/stm32f0304p6/light-cortex-m0/gnat/s-exnflt.ads:system__exn_flt__exn_float__expon.0" label: "/home/julius/Programmieren/stm32f0304p6/light-cortex-m0/gnat/s-exponr.adb:123:30" }
node: { title: "__aeabi_fdiv" label: "aeabi_fdiv\n<built-in>" shape : ellipse }
edge: { sourcename: "system__exn_flt__exn_float" targetname: "__aeabi_fdiv" }
edge: { sourcename: "system__exn_flt__exn_float" targetname: "/home/julius/Programmieren/stm32f0304p6/light-cortex-m0/gnat/s-exnflt.ads:system__exn_flt__exn_float__expon.0" label: "/home/julius/Programmieren/stm32f0304p6/light-cortex-m0/gnat/s-exponr.adb:123:30" }
edge: { sourcename: "system__exn_flt__exn_float" targetname: "__aeabi_fmul" }
edge: { sourcename: "system__exn_flt__exn_float" targetname: "__aeabi_fdiv" }
edge: { sourcename: "system__exn_flt__exn_float" targetname: "/home/julius/Programmieren/stm32f0304p6/light-cortex-m0/gnat/s-exnflt.ads:system__exn_flt__exn_float__expon.0" label: "/home/julius/Programmieren/stm32f0304p6/light-cortex-m0/gnat/s-exponr.adb:123:30" }
}
