graph: { title: "/home/julius/Programmieren/stm32f0304p6/light-cortex-m0/gnat/s-expllu.ads"
node: { title: "system__exp_llu__exp_long_long_unsigned" label: "Exp_Long_Long_Unsigned\n/home/julius/Programmieren/stm32f0304p6/light-cortex-m0/gnat/s-exponu.adb:32:1\n32 bytes (static)\n0 dynamic objects" }
node: { title: "__aeabi_lmul" label: "aeabi_lmul\n<built-in>" shape : ellipse }
edge: { sourcename: "system__exp_llu__exp_long_long_unsigned" targetname: "__aeabi_lmul" }
edge: { sourcename: "system__exp_llu__exp_long_long_unsigned" targetname: "__aeabi_lmul" }
}
