graph: { title: "/home/julius/Programmieren/stm32f0304p6/light-cortex-m0/gnat/s-fatflt.ads"
node: { title: "/home/julius/Programmieren/stm32f0304p6/light-cortex-m0/gnat/s-fatflt.ads:system__fat_flt__attr_float__finite_succ" label: "Finite_Succ\n/home/julius/Programmieren/stm32f0304p6/light-cortex-m0/gnat/s-fatgen.adb:296:4\n16 bytes (static)\n0 dynamic objects" }
node: { title: "__aeabi_fcmpge" label: "aeabi_fcmpge\n<built-in>" shape : ellipse }
edge: { sourcename: "/home/julius/Programmieren/stm32f0304p6/light-cortex-m0/gnat/s-fatflt.ads:system__fat_flt__attr_float__finite_succ" targetname: "__aeabi_fcmpge" }
node: { title: "/home/julius/Programmieren/stm32f0304p6/light-cortex-m0/gnat/s-fatflt.ads:system__fat_flt__attr_float__pred.part.0" label: "Part\n/home/julius/Programmieren/stm32f0304p6/light-cortex-m0/gnat/s-fatgen.adb:581:4\n8 bytes (static)\n0 dynamic objects" }
node: { title: "ada__exceptions__call_last_chance_handler_with_message" label: "Call_Last_Chance_Handler_With_Message\n/home/julius/Programmieren/stm32f0304p6/light-cortex-m0/gnat/a-except.adb:40:14" shape : ellipse }
edge: { sourcename: "/home/julius/Programmieren/stm32f0304p6/light-cortex-m0/gnat/s-fatflt.ads:system__fat_flt__attr_float__pred.part.0" targetname: "ada__exceptions__call_last_chance_handler_with_message" label: "/home/julius/Programmieren/stm32f0304p6/light-cortex-m0/gnat/a-except.adb:95:10" }
node: { title: "/home/julius/Programmieren/stm32f0304p6/light-cortex-m0/gnat/s-fatflt.ads:system__fat_flt__attr_float__succ.part.0" label: "Part\n/home/julius/Programmieren/stm32f0304p6/light-cortex-m0/gnat/s-fatgen.adb:832:4\n8 bytes (static)\n0 dynamic objects" }
edge: { sourcename: "/home/julius/Programmieren/stm32f0304p6/light-cortex-m0/gnat/s-fatflt.ads:system__fat_flt__attr_float__succ.part.0" targetname: "ada__exceptions__call_last_chance_handler_with_message" label: "/home/julius/Programmieren/stm32f0304p6/light-cortex-m0/gnat/a-except.adb:95:10" }
node: { title: "system__fat_flt__attr_float__adjacent" label: "Adjacent\n/home/julius/Programmieren/stm32f0304p6/light-cortex-m0/gnat/s-fatgen.adb:163:4\n16 bytes (static)\n0 dynamic objects" }
node: { title: "__aeabi_fcmpeq" label: "aeabi_fcmpeq\n<built-in>" shape : ellipse }
edge: { sourcename: "system__fat_flt__attr_float__adjacent" targetname: "__aeabi_fcmpeq" }
node: { title: "__aeabi_fcmpgt" label: "aeabi_fcmpgt\n<built-in>" shape : ellipse }
edge: { sourcename: "system__fat_flt__attr_float__adjacent" targetname: "__aeabi_fcmpgt" }
edge: { sourcename: "system__fat_flt__attr_float__adjacent" targetname: "__aeabi_fcmpeq" }
edge: { sourcename: "system__fat_flt__attr_float__adjacent" targetname: "/home/julius/Programmieren/stm32f0304p6/light-cortex-m0/gnat/s-fatflt.ads:system__fat_flt__attr_float__succ.part.0" }
edge: { sourcename: "system__fat_flt__attr_float__adjacent" targetname: "__aeabi_fcmpge" }
node: { title: "__aeabi_fcmplt" label: "aeabi_fcmplt\n<built-in>" shape : ellipse }
edge: { sourcename: "system__fat_flt__attr_float__adjacent" targetname: "__aeabi_fcmplt" }
edge: { sourcename: "system__fat_flt__attr_float__adjacent" targetname: "/home/julius/Programmieren/stm32f0304p6/light-cortex-m0/gnat/s-fatflt.ads:system__fat_flt__attr_float__finite_succ" label: "/home/julius/Programmieren/stm32f0304p6/light-cortex-m0/gnat/s-fatgen.adb:846:17" }
edge: { sourcename: "system__fat_flt__attr_float__adjacent" targetname: "__aeabi_fcmpeq" }
edge: { sourcename: "system__fat_flt__attr_float__adjacent" targetname: "/home/julius/Programmieren/stm32f0304p6/light-cortex-m0/gnat/s-fatflt.ads:system__fat_flt__attr_float__pred.part.0" }
edge: { sourcename: "system__fat_flt__attr_float__adjacent" targetname: "__aeabi_fcmpgt" }
node: { title: "__aeabi_fcmple" label: "aeabi_fcmple\n<built-in>" shape : ellipse }
edge: { sourcename: "system__fat_flt__attr_float__adjacent" targetname: "__aeabi_fcmple" }
edge: { sourcename: "system__fat_flt__attr_float__adjacent" targetname: "/home/julius/Programmieren/stm32f0304p6/light-cortex-m0/gnat/s-fatflt.ads:system__fat_flt__attr_float__finite_succ" label: "/home/julius/Programmieren/stm32f0304p6/light-cortex-m0/gnat/s-fatgen.adb:595:18" }
node: { title: "system__fat_flt__attr_float__ceiling" label: "Ceiling\n/home/julius/Programmieren/stm32f0304p6/light-cortex-m0/gnat/s-fatgen.adb:178:4\n16 bytes (static)\n0 dynamic objects" }
edge: { sourcename: "system__fat_flt__attr_float__ceiling" targetname: "__aeabi_fcmpge" }
node: { title: "__aeabi_fadd" label: "aeabi_fadd\n<built-in>" shape : ellipse }
edge: { sourcename: "system__fat_flt__attr_float__ceiling" targetname: "__aeabi_fadd" }
node: { title: "__aeabi_fsub" label: "aeabi_fsub\n<built-in>" shape : ellipse }
edge: { sourcename: "system__fat_flt__attr_float__ceiling" targetname: "__aeabi_fsub" }
edge: { sourcename: "system__fat_flt__attr_float__ceiling" targetname: "__aeabi_fcmplt" }
edge: { sourcename: "system__fat_flt__attr_float__ceiling" targetname: "__aeabi_fsub" }
edge: { sourcename: "system__fat_flt__attr_float__ceiling" targetname: "__aeabi_fcmpgt" }
edge: { sourcename: "system__fat_flt__attr_float__ceiling" targetname: "__aeabi_fcmplt" }
edge: { sourcename: "system__fat_flt__attr_float__ceiling" targetname: "__aeabi_fcmple" }
edge: { sourcename: "system__fat_flt__attr_float__ceiling" targetname: "__aeabi_fcmpeq" }
edge: { sourcename: "system__fat_flt__attr_float__ceiling" targetname: "__aeabi_fadd" }
node: { title: "system__fat_flt__attr_float__copy_sign" label: "Copy_Sign\n/home/julius/Programmieren/stm32f0304p6/light-cortex-m0/gnat/s-fatgen.adb:206:4\n0 bytes (static)\n0 dynamic objects" }
node: { title: "system__fat_flt__attr_float__decompose" label: "Decompose\n/home/julius/Programmieren/stm32f0304p6/light-cortex-m0/gnat/s-fatgen.adb:229:4\n24 bytes (static)\n0 dynamic objects" }
edge: { sourcename: "system__fat_flt__attr_float__decompose" targetname: "__aeabi_fcmpeq" }
edge: { sourcename: "system__fat_flt__attr_float__decompose" targetname: "system__fat_flt__attr_float__decompose" label: "/home/julius/Programmieren/stm32f0304p6/light-cortex-m0/gnat/s-fatgen.adb:262:10" }
node: { title: "__aeabi_fmul" label: "aeabi_fmul\n<built-in>" shape : ellipse }
edge: { sourcename: "system__fat_flt__attr_float__decompose" targetname: "__aeabi_fmul" }
node: { title: "system__fat_flt__attr_float__exponent" label: "Exponent\n/home/julius/Programmieren/stm32f0304p6/light-cortex-m0/gnat/s-fatgen.adb:284:4\n16 bytes (static)\n0 dynamic objects" }
edge: { sourcename: "system__fat_flt__attr_float__exponent" targetname: "__aeabi_fcmpeq" }
edge: { sourcename: "system__fat_flt__attr_float__exponent" targetname: "system__fat_flt__attr_float__decompose" label: "/home/julius/Programmieren/stm32f0304p6/light-cortex-m0/gnat/s-fatgen.adb:262:10" }
edge: { sourcename: "system__fat_flt__attr_float__exponent" targetname: "__aeabi_fmul" }
node: { title: "system__fat_flt__attr_float__floor" label: "Floor\n/home/julius/Programmieren/stm32f0304p6/light-cortex-m0/gnat/s-fatgen.adb:469:4\n16 bytes (static)\n0 dynamic objects" }
edge: { sourcename: "system__fat_flt__attr_float__floor" targetname: "__aeabi_fcmpge" }
edge: { sourcename: "system__fat_flt__attr_float__floor" targetname: "__aeabi_fadd" }
edge: { sourcename: "system__fat_flt__attr_float__floor" targetname: "__aeabi_fsub" }
edge: { sourcename: "system__fat_flt__attr_float__floor" targetname: "__aeabi_fcmplt" }
edge: { sourcename: "system__fat_flt__attr_float__floor" targetname: "__aeabi_fsub" }
edge: { sourcename: "system__fat_flt__attr_float__floor" targetname: "__aeabi_fcmpgt" }
edge: { sourcename: "system__fat_flt__attr_float__floor" targetname: "__aeabi_fcmplt" }
edge: { sourcename: "system__fat_flt__attr_float__floor" targetname: "__aeabi_fcmpge" }
edge: { sourcename: "system__fat_flt__attr_float__floor" targetname: "__aeabi_fcmpeq" }
edge: { sourcename: "system__fat_flt__attr_float__floor" targetname: "__aeabi_fsub" }
node: { title: "system__fat_flt__attr_float__fraction" label: "Fraction\n/home/julius/Programmieren/stm32f0304p6/light-cortex-m0/gnat/s-fatgen.adb:485:4\n24 bytes (static)\n0 dynamic objects" }
edge: { sourcename: "system__fat_flt__attr_float__fraction" targetname: "__aeabi_fcmpeq" }
edge: { sourcename: "system__fat_flt__attr_float__fraction" targetname: "system__fat_flt__attr_float__decompose" label: "/home/julius/Programmieren/stm32f0304p6/light-cortex-m0/gnat/s-fatgen.adb:262:10" }
edge: { sourcename: "system__fat_flt__attr_float__fraction" targetname: "__aeabi_fmul" }
node: { title: "system__fat_flt__attr_float__machine" label: "Machine\n/home/julius/Programmieren/stm32f0304p6/light-cortex-m0/gnat/s-fatgen.adb:525:4\n8 bytes (static)\n0 dynamic objects" }
node: { title: "system__fat_flt__attr_float__machine_rounding" label: "Machine_Rounding\n/home/julius/Programmieren/stm32f0304p6/light-cortex-m0/gnat/s-fatgen.adb:540:4\n16 bytes (static)\n0 dynamic objects" }
edge: { sourcename: "system__fat_flt__attr_float__machine_rounding" targetname: "__aeabi_fcmpge" }
edge: { sourcename: "system__fat_flt__attr_float__machine_rounding" targetname: "__aeabi_fadd" }
edge: { sourcename: "system__fat_flt__attr_float__machine_rounding" targetname: "__aeabi_fsub" }
edge: { sourcename: "system__fat_flt__attr_float__machine_rounding" targetname: "__aeabi_fcmplt" }
edge: { sourcename: "system__fat_flt__attr_float__machine_rounding" targetname: "__aeabi_fsub" }
edge: { sourcename: "system__fat_flt__attr_float__machine_rounding" targetname: "__aeabi_fcmpgt" }
edge: { sourcename: "system__fat_flt__attr_float__machine_rounding" targetname: "__aeabi_fsub" }
edge: { sourcename: "system__fat_flt__attr_float__machine_rounding" targetname: "__aeabi_fcmpge" }
edge: { sourcename: "system__fat_flt__attr_float__machine_rounding" targetname: "__aeabi_fadd" }
edge: { sourcename: "system__fat_flt__attr_float__machine_rounding" targetname: "__aeabi_fcmpgt" }
edge: { sourcename: "system__fat_flt__attr_float__machine_rounding" targetname: "__aeabi_fcmplt" }
node: { title: "system__fat_flt__attr_float__model" label: "Model\n/home/julius/Programmieren/stm32f0304p6/light-cortex-m0/gnat/s-fatgen.adb:572:4\n0 bytes (static)\n0 dynamic objects" }
node: { title: "system__fat_flt__attr_float__pred" label: "Pred\n/home/julius/Programmieren/stm32f0304p6/light-cortex-m0/gnat/s-fatgen.adb:581:4\n16 bytes (static)\n0 dynamic objects" }
edge: { sourcename: "system__fat_flt__attr_float__pred" targetname: "__aeabi_fcmpeq" }
edge: { sourcename: "system__fat_flt__attr_float__pred" targetname: "/home/julius/Programmieren/stm32f0304p6/light-cortex-m0/gnat/s-fatflt.ads:system__fat_flt__attr_float__pred.part.0" }
edge: { sourcename: "system__fat_flt__attr_float__pred" targetname: "__aeabi_fcmpgt" }
edge: { sourcename: "system__fat_flt__attr_float__pred" targetname: "__aeabi_fcmple" }
edge: { sourcename: "system__fat_flt__attr_float__pred" targetname: "/home/julius/Programmieren/stm32f0304p6/light-cortex-m0/gnat/s-fatflt.ads:system__fat_flt__attr_float__finite_succ" label: "/home/julius/Programmieren/stm32f0304p6/light-cortex-m0/gnat/s-fatgen.adb:595:18" }
node: { title: "system__fat_flt__attr_float__rounding" label: "Rounding\n/home/julius/Programmieren/stm32f0304p6/light-cortex-m0/gnat/s-fatgen.adb:691:4\n16 bytes (static)\n0 dynamic objects" }
edge: { sourcename: "system__fat_flt__attr_float__rounding" targetname: "__aeabi_fcmpge" }
edge: { sourcename: "system__fat_flt__attr_float__rounding" targetname: "__aeabi_fadd" }
edge: { sourcename: "system__fat_flt__attr_float__rounding" targetname: "__aeabi_fsub" }
edge: { sourcename: "system__fat_flt__attr_float__rounding" targetname: "__aeabi_fcmplt" }
edge: { sourcename: "system__fat_flt__attr_float__rounding" targetname: "__aeabi_fsub" }
edge: { sourcename: "system__fat_flt__attr_float__rounding" targetname: "__aeabi_fcmpgt" }
edge: { sourcename: "system__fat_flt__attr_float__rounding" targetname: "__aeabi_fsub" }
edge: { sourcename: "system__fat_flt__attr_float__rounding" targetname: "__aeabi_fcmpge" }
edge: { sourcename: "system__fat_flt__attr_float__rounding" targetname: "__aeabi_fadd" }
edge: { sourcename: "system__fat_flt__attr_float__rounding" targetname: "__aeabi_fcmpgt" }
edge: { sourcename: "system__fat_flt__attr_float__rounding" targetname: "__aeabi_fcmplt" }
node: { title: "system__fat_flt__attr_float__scaling" label: "Scaling\n/home/julius/Programmieren/stm32f0304p6/light-cortex-m0/gnat/s-fatgen.adb:720:4\n48 bytes (static)\n0 dynamic objects" }
edge: { sourcename: "system__fat_flt__attr_float__scaling" targetname: "__aeabi_fcmpeq" }
edge: { sourcename: "system__fat_flt__attr_float__scaling" targetname: "__aeabi_fmul" }
edge: { sourcename: "system__fat_flt__attr_float__scaling" targetname: "__aeabi_fcmpeq" }
edge: { sourcename: "system__fat_flt__attr_float__scaling" targetname: "__aeabi_fmul" }
node: { title: "__aeabi_ul2f" label: "aeabi_ul2f\n<built-in>" shape : ellipse }
edge: { sourcename: "system__fat_flt__attr_float__scaling" targetname: "__aeabi_ul2f" }
node: { title: "__aeabi_fdiv" label: "aeabi_fdiv\n<built-in>" shape : ellipse }
edge: { sourcename: "system__fat_flt__attr_float__scaling" targetname: "__aeabi_fdiv" }
node: { title: "system__fat_flt__attr_float__compose" label: "Compose\n/home/julius/Programmieren/stm32f0304p6/light-cortex-m0/gnat/s-fatgen.adb:194:4\n24 bytes (static)\n0 dynamic objects" }
edge: { sourcename: "system__fat_flt__attr_float__compose" targetname: "__aeabi_fcmpeq" }
edge: { sourcename: "system__fat_flt__attr_float__compose" targetname: "system__fat_flt__attr_float__decompose" label: "/home/julius/Programmieren/stm32f0304p6/light-cortex-m0/gnat/s-fatgen.adb:262:10" }
edge: { sourcename: "system__fat_flt__attr_float__compose" targetname: "__aeabi_fmul" }
edge: { sourcename: "system__fat_flt__attr_float__compose" targetname: "system__fat_flt__attr_float__scaling" label: "/home/julius/Programmieren/stm32f0304p6/light-cortex-m0/gnat/s-fatgen.adb:199:14" }
node: { title: "system__fat_flt__attr_float__leading_part" label: "Leading_Part\n/home/julius/Programmieren/stm32f0304p6/light-cortex-m0/gnat/s-fatgen.adb:497:4\n32 bytes (static)\n0 dynamic objects" }
node: { title: "__gnat_last_chance_handler" label: "gnat_last_chance_handler\n<built-in>" shape : ellipse }
edge: { sourcename: "system__fat_flt__attr_float__leading_part" targetname: "__gnat_last_chance_handler" label: "/home/julius/Programmieren/stm32f0304p6/light-cortex-m0/gnat/s-fatgen.adb:506:10" }
edge: { sourcename: "system__fat_flt__attr_float__leading_part" targetname: "system__fat_flt__attr_float__decompose" label: "/home/julius/Programmieren/stm32f0304p6/light-cortex-m0/gnat/s-fatgen.adb:288:7" }
edge: { sourcename: "system__fat_flt__attr_float__leading_part" targetname: "system__fat_flt__attr_float__scaling" label: "/home/julius/Programmieren/stm32f0304p6/light-cortex-m0/gnat/s-fatgen.adb:510:15" }
edge: { sourcename: "system__fat_flt__attr_float__leading_part" targetname: "__aeabi_fcmpge" }
edge: { sourcename: "system__fat_flt__attr_float__leading_part" targetname: "__aeabi_fadd" }
edge: { sourcename: "system__fat_flt__attr_float__leading_part" targetname: "__aeabi_fsub" }
edge: { sourcename: "system__fat_flt__attr_float__leading_part" targetname: "__aeabi_fcmplt" }
edge: { sourcename: "system__fat_flt__attr_float__leading_part" targetname: "__aeabi_fsub" }
edge: { sourcename: "system__fat_flt__attr_float__leading_part" targetname: "__aeabi_fcmpgt" }
edge: { sourcename: "system__fat_flt__attr_float__leading_part" targetname: "__aeabi_fcmplt" }
edge: { sourcename: "system__fat_flt__attr_float__leading_part" targetname: "system__fat_flt__attr_float__scaling" label: "/home/julius/Programmieren/stm32f0304p6/light-cortex-m0/gnat/s-fatgen.adb:511:15" }
node: { title: "system__fat_flt__attr_float__remainder" label: "Remainder\n/home/julius/Programmieren/stm32f0304p6/light-cortex-m0/gnat/s-fatgen.adb:610:4\n40 bytes (static)\n0 dynamic objects" }
edge: { sourcename: "system__fat_flt__attr_float__remainder" targetname: "__aeabi_fcmpeq" }
edge: { sourcename: "system__fat_flt__attr_float__remainder" targetname: "__gnat_last_chance_handler" label: "/home/julius/Programmieren/stm32f0304p6/light-cortex-m0/gnat/s-fatgen.adb:627:10" }
edge: { sourcename: "system__fat_flt__attr_float__remainder" targetname: "__aeabi_fcmpgt" }
edge: { sourcename: "system__fat_flt__attr_float__remainder" targetname: "__aeabi_fcmplt" }
edge: { sourcename: "system__fat_flt__attr_float__remainder" targetname: "system__fat_flt__attr_float__decompose" label: "/home/julius/Programmieren/stm32f0304p6/light-cortex-m0/gnat/s-fatgen.adb:288:7" }
edge: { sourcename: "system__fat_flt__attr_float__remainder" targetname: "system__fat_flt__attr_float__decompose" label: "/home/julius/Programmieren/stm32f0304p6/light-cortex-m0/gnat/s-fatgen.adb:646:10" }
edge: { sourcename: "system__fat_flt__attr_float__remainder" targetname: "system__fat_flt__attr_float__decompose" label: "/home/julius/Programmieren/stm32f0304p6/light-cortex-m0/gnat/s-fatgen.adb:647:10" }
edge: { sourcename: "system__fat_flt__attr_float__remainder" targetname: "system__fat_flt__attr_float__decompose" label: "/home/julius/Programmieren/stm32f0304p6/light-cortex-m0/gnat/s-fatgen.adb:198:7" }
edge: { sourcename: "system__fat_flt__attr_float__remainder" targetname: "system__fat_flt__attr_float__scaling" label: "/home/julius/Programmieren/stm32f0304p6/light-cortex-m0/gnat/s-fatgen.adb:199:14" }
edge: { sourcename: "system__fat_flt__attr_float__remainder" targetname: "__aeabi_fcmple" }
edge: { sourcename: "system__fat_flt__attr_float__remainder" targetname: "__aeabi_fsub" }
edge: { sourcename: "system__fat_flt__attr_float__remainder" targetname: "__aeabi_fmul" }
edge: { sourcename: "system__fat_flt__attr_float__remainder" targetname: "__aeabi_fmul" }
edge: { sourcename: "system__fat_flt__attr_float__remainder" targetname: "__aeabi_fadd" }
edge: { sourcename: "system__fat_flt__attr_float__remainder" targetname: "__aeabi_fcmpgt" }
edge: { sourcename: "system__fat_flt__attr_float__remainder" targetname: "__aeabi_fcmpeq" }
edge: { sourcename: "system__fat_flt__attr_float__remainder" targetname: "__aeabi_fsub" }
edge: { sourcename: "system__fat_flt__attr_float__remainder" targetname: "__aeabi_fmul" }
node: { title: "system__fat_flt__attr_float__succ" label: "Succ\n/home/julius/Programmieren/stm32f0304p6/light-cortex-m0/gnat/s-fatgen.adb:832:4\n8 bytes (static)\n0 dynamic objects" }
edge: { sourcename: "system__fat_flt__attr_float__succ" targetname: "__aeabi_fcmpeq" }
edge: { sourcename: "system__fat_flt__attr_float__succ" targetname: "/home/julius/Programmieren/stm32f0304p6/light-cortex-m0/gnat/s-fatflt.ads:system__fat_flt__attr_float__succ.part.0" }
edge: { sourcename: "system__fat_flt__attr_float__succ" targetname: "__aeabi_fcmpge" }
edge: { sourcename: "system__fat_flt__attr_float__succ" targetname: "__aeabi_fcmplt" }
edge: { sourcename: "system__fat_flt__attr_float__succ" targetname: "/home/julius/Programmieren/stm32f0304p6/light-cortex-m0/gnat/s-fatflt.ads:system__fat_flt__attr_float__finite_succ" label: "/home/julius/Programmieren/stm32f0304p6/light-cortex-m0/gnat/s-fatgen.adb:846:17" }
node: { title: "system__fat_flt__attr_float__truncation" label: "Truncation\n/home/julius/Programmieren/stm32f0304p6/light-cortex-m0/gnat/s-fatgen.adb:876:4\n16 bytes (static)\n0 dynamic objects" }
edge: { sourcename: "system__fat_flt__attr_float__truncation" targetname: "__aeabi_fcmpge" }
edge: { sourcename: "system__fat_flt__attr_float__truncation" targetname: "__aeabi_fadd" }
edge: { sourcename: "system__fat_flt__attr_float__truncation" targetname: "__aeabi_fsub" }
edge: { sourcename: "system__fat_flt__attr_float__truncation" targetname: "__aeabi_fcmplt" }
edge: { sourcename: "system__fat_flt__attr_float__truncation" targetname: "__aeabi_fsub" }
edge: { sourcename: "system__fat_flt__attr_float__truncation" targetname: "__aeabi_fcmpgt" }
edge: { sourcename: "system__fat_flt__attr_float__truncation" targetname: "__aeabi_fcmplt" }
node: { title: "system__fat_flt__attr_float__unbiased_rounding" label: "Unbiased_Rounding\n/home/julius/Programmieren/stm32f0304p6/light-cortex-m0/gnat/s-fatgen.adb:910:4\n24 bytes (static)\n0 dynamic objects" }
edge: { sourcename: "system__fat_flt__attr_float__unbiased_rounding" targetname: "__aeabi_fcmpge" }
edge: { sourcename: "system__fat_flt__attr_float__unbiased_rounding" targetname: "__aeabi_fadd" }
edge: { sourcename: "system__fat_flt__attr_float__unbiased_rounding" targetname: "__aeabi_fsub" }
edge: { sourcename: "system__fat_flt__attr_float__unbiased_rounding" targetname: "__aeabi_fcmplt" }
edge: { sourcename: "system__fat_flt__attr_float__unbiased_rounding" targetname: "__aeabi_fsub" }
edge: { sourcename: "system__fat_flt__attr_float__unbiased_rounding" targetname: "__aeabi_fcmpgt" }
edge: { sourcename: "system__fat_flt__attr_float__unbiased_rounding" targetname: "__aeabi_fsub" }
edge: { sourcename: "system__fat_flt__attr_float__unbiased_rounding" targetname: "__aeabi_fcmpgt" }
edge: { sourcename: "system__fat_flt__attr_float__unbiased_rounding" targetname: "__aeabi_fadd" }
edge: { sourcename: "system__fat_flt__attr_float__unbiased_rounding" targetname: "__aeabi_fcmpeq" }
edge: { sourcename: "system__fat_flt__attr_float__unbiased_rounding" targetname: "__aeabi_fmul" }
edge: { sourcename: "system__fat_flt__attr_float__unbiased_rounding" targetname: "__aeabi_fadd" }
edge: { sourcename: "system__fat_flt__attr_float__unbiased_rounding" targetname: "__aeabi_fcmpge" }
edge: { sourcename: "system__fat_flt__attr_float__unbiased_rounding" targetname: "__aeabi_fadd" }
edge: { sourcename: "system__fat_flt__attr_float__unbiased_rounding" targetname: "__aeabi_fsub" }
edge: { sourcename: "system__fat_flt__attr_float__unbiased_rounding" targetname: "__aeabi_fcmplt" }
edge: { sourcename: "system__fat_flt__attr_float__unbiased_rounding" targetname: "__aeabi_fsub" }
edge: { sourcename: "system__fat_flt__attr_float__unbiased_rounding" targetname: "__aeabi_fcmpgt" }
edge: { sourcename: "system__fat_flt__attr_float__unbiased_rounding" targetname: "__aeabi_fcmplt" }
edge: { sourcename: "system__fat_flt__attr_float__unbiased_rounding" targetname: "__aeabi_fadd" }
edge: { sourcename: "system__fat_flt__attr_float__unbiased_rounding" targetname: "__aeabi_fcmpgt" }
edge: { sourcename: "system__fat_flt__attr_float__unbiased_rounding" targetname: "__aeabi_fcmplt" }
node: { title: "system__fat_flt__attr_float__valid" label: "Valid\n/home/julius/Programmieren/stm32f0304p6/light-cortex-m0/gnat/s-fatgen.adb:943:4\n0 bytes (static)\n0 dynamic objects" }
}
