graph: { title: "/home/julius/Programmieren/stm32f0304p6/light-cortex-m0/gnat/s-imguns.ads"
node: { title: "system__img_uns__impl__image_unsigned" label: "Image_Unsigned\n/home/julius/Programmieren/stm32f0304p6/light-cortex-m0/gnat/s-imageu.adb:38:4\n32 bytes (static)\n0 dynamic objects" }
node: { title: "__aeabi_uidiv" label: "aeabi_uidiv\n<built-in>" shape : ellipse }
edge: { sourcename: "system__img_uns__impl__image_unsigned" targetname: "__aeabi_uidiv" }
node: { title: "__aeabi_uidivmod" label: "aeabi_uidivmod\n<built-in>" shape : ellipse }
edge: { sourcename: "system__img_uns__impl__image_unsigned" targetname: "__aeabi_uidivmod" }
edge: { sourcename: "system__img_uns__impl__image_unsigned" targetname: "__aeabi_uidiv" }
node: { title: "system__img_uns__impl__set_image_unsigned" label: "Set_Image_Unsigned\n/home/julius/Programmieren/stm32f0304p6/light-cortex-m0/gnat/s-imageu.adb:54:4\n32 bytes (static)\n0 dynamic objects" }
edge: { sourcename: "system__img_uns__impl__set_image_unsigned" targetname: "__aeabi_uidiv" }
edge: { sourcename: "system__img_uns__impl__set_image_unsigned" targetname: "__aeabi_uidivmod" }
edge: { sourcename: "system__img_uns__impl__set_image_unsigned" targetname: "__aeabi_uidiv" }
}
