graph: { title: "/home/julius/Programmieren/stm32f0304p6/light-cortex-m0/gnat/s-macres.adb"
node: { title: "_exit" label: "Os_Exit\n/home/julius/Programmieren/stm32f0304p6/light-cortex-m0/gnat/s-macres.adb:60:4\n0 bytes (static)\n0 dynamic objects" }
node: { title: "abort" label: "Os_Abort\n/home/julius/Programmieren/stm32f0304p6/light-cortex-m0/gnat/s-macres.adb:51:4\n8 bytes (static)\n0 dynamic objects" }
edge: { sourcename: "abort" targetname: "_exit" label: "/home/julius/Programmieren/stm32f0304p6/light-cortex-m0/gnat/s-macres.adb:53:7" }
node: { title: "system__machine_reset__stop" label: "Stop\n/home/julius/Programmieren/stm32f0304p6/light-cortex-m0/gnat/s-macres.adb:100:4\n8 bytes (static)\n0 dynamic objects" }
edge: { sourcename: "system__machine_reset__stop" targetname: "_exit" label: "/home/julius/Programmieren/stm32f0304p6/light-cortex-m0/gnat/s-macres.adb:102:7" }
}
