graph: { title: "/home/julius/Programmieren/stm32f0304p6/light-cortex-m0/gnat/s-memory.adb"
node: { title: "__gnat_malloc" label: "Alloc\n/home/julius/Programmieren/stm32f0304p6/light-cortex-m0/gnat/s-memory.adb:72:4\n8 bytes (static)\n0 dynamic objects" }
node: { title: "__gnat_last_chance_handler" label: "gnat_last_chance_handler\n<built-in>" shape : ellipse }
edge: { sourcename: "__gnat_malloc" targetname: "__gnat_last_chance_handler" label: "/home/julius/Programmieren/stm32f0304p6/light-cortex-m0/gnat/s-memory.adb:93:13" }
edge: { sourcename: "__gnat_malloc" targetname: "__gnat_last_chance_handler" label: "/home/julius/Programmieren/stm32f0304p6/light-cortex-m0/gnat/s-memory.adb:109:10" }
node: { title: "malloc" label: "Malloc\n/home/julius/Programmieren/stm32f0304p6/light-cortex-m0/gnat/s-memory.adb:122:4\n8 bytes (static)\n0 dynamic objects" }
edge: { sourcename: "malloc" targetname: "__gnat_last_chance_handler" label: "/home/julius/Programmieren/stm32f0304p6/light-cortex-m0/gnat/s-memory.adb:93:13" }
edge: { sourcename: "malloc" targetname: "__gnat_last_chance_handler" label: "/home/julius/Programmieren/stm32f0304p6/light-cortex-m0/gnat/s-memory.adb:109:10" }
node: { title: "calloc" label: "Calloc\n/home/julius/Programmieren/stm32f0304p6/light-cortex-m0/gnat/s-memory.adb:131:4\n8 bytes (static)\n0 dynamic objects" }
edge: { sourcename: "calloc" targetname: "__gnat_last_chance_handler" label: "/home/julius/Programmieren/stm32f0304p6/light-cortex-m0/gnat/s-memory.adb:93:13" }
edge: { sourcename: "calloc" targetname: "__gnat_last_chance_handler" label: "/home/julius/Programmieren/stm32f0304p6/light-cortex-m0/gnat/s-memory.adb:109:10" }
node: { title: "__gnat_free" label: "Free\n/home/julius/Programmieren/stm32f0304p6/light-cortex-m0/gnat/s-memory.adb:142:4\n0 bytes (static)\n0 dynamic objects" }
node: { title: "free" label: "C_Free\n/home/julius/Programmieren/stm32f0304p6/light-cortex-m0/gnat/s-memory.adb:152:4\n0 bytes (static)\n0 dynamic objects" }
}
