graph: { title: "/home/julius/Programmieren/stm32f0304p6/light-cortex-m0/gnat/s-valflt.ads"
node: { title: "/home/julius/Programmieren/stm32f0304p6/light-cortex-m0/gnat/s-valflt.ads:system__val_flt__impl__double_real__OmultiplyXnn" label: "*Xnn\n/home/julius/Programmieren/stm32f0304p6/light-cortex-m0/gnat/s-dourea.adb:150:4\n48 bytes (static)\n0 dynamic objects" }
node: { title: "__aeabi_fmul" label: "aeabi_fmul\n<built-in>" shape : ellipse }
edge: { sourcename: "/home/julius/Programmieren/stm32f0304p6/light-cortex-m0/gnat/s-valflt.ads:system__val_flt__impl__double_real__OmultiplyXnn" targetname: "__aeabi_fmul" }
node: { title: "__aeabi_fsub" label: "aeabi_fsub\n<built-in>" shape : ellipse }
edge: { sourcename: "/home/julius/Programmieren/stm32f0304p6/light-cortex-m0/gnat/s-valflt.ads:system__val_flt__impl__double_real__OmultiplyXnn" targetname: "__aeabi_fsub" }
node: { title: "__aeabi_fcmpeq" label: "aeabi_fcmpeq\n<built-in>" shape : ellipse }
edge: { sourcename: "/home/julius/Programmieren/stm32f0304p6/light-cortex-m0/gnat/s-valflt.ads:system__val_flt__impl__double_real__OmultiplyXnn" targetname: "__aeabi_fcmpeq" }
edge: { sourcename: "/home/julius/Programmieren/stm32f0304p6/light-cortex-m0/gnat/s-valflt.ads:system__val_flt__impl__double_real__OmultiplyXnn" targetname: "__aeabi_fcmpeq" }
edge: { sourcename: "/home/julius/Programmieren/stm32f0304p6/light-cortex-m0/gnat/s-valflt.ads:system__val_flt__impl__double_real__OmultiplyXnn" targetname: "__aeabi_fcmpeq" }
edge: { sourcename: "/home/julius/Programmieren/stm32f0304p6/light-cortex-m0/gnat/s-valflt.ads:system__val_flt__impl__double_real__OmultiplyXnn" targetname: "__aeabi_fcmpeq" }
edge: { sourcename: "/home/julius/Programmieren/stm32f0304p6/light-cortex-m0/gnat/s-valflt.ads:system__val_flt__impl__double_real__OmultiplyXnn" targetname: "__aeabi_fsub" }
edge: { sourcename: "/home/julius/Programmieren/stm32f0304p6/light-cortex-m0/gnat/s-valflt.ads:system__val_flt__impl__double_real__OmultiplyXnn" targetname: "__aeabi_fcmpeq" }
edge: { sourcename: "/home/julius/Programmieren/stm32f0304p6/light-cortex-m0/gnat/s-valflt.ads:system__val_flt__impl__double_real__OmultiplyXnn" targetname: "__aeabi_fsub" }
edge: { sourcename: "/home/julius/Programmieren/stm32f0304p6/light-cortex-m0/gnat/s-valflt.ads:system__val_flt__impl__double_real__OmultiplyXnn" targetname: "__aeabi_fmul" }
edge: { sourcename: "/home/julius/Programmieren/stm32f0304p6/light-cortex-m0/gnat/s-valflt.ads:system__val_flt__impl__double_real__OmultiplyXnn" targetname: "__aeabi_fsub" }
edge: { sourcename: "/home/julius/Programmieren/stm32f0304p6/light-cortex-m0/gnat/s-valflt.ads:system__val_flt__impl__double_real__OmultiplyXnn" targetname: "__aeabi_fmul" }
node: { title: "__aeabi_fadd" label: "aeabi_fadd\n<built-in>" shape : ellipse }
edge: { sourcename: "/home/julius/Programmieren/stm32f0304p6/light-cortex-m0/gnat/s-valflt.ads:system__val_flt__impl__double_real__OmultiplyXnn" targetname: "__aeabi_fadd" }
edge: { sourcename: "/home/julius/Programmieren/stm32f0304p6/light-cortex-m0/gnat/s-valflt.ads:system__val_flt__impl__double_real__OmultiplyXnn" targetname: "__aeabi_fmul" }
edge: { sourcename: "/home/julius/Programmieren/stm32f0304p6/light-cortex-m0/gnat/s-valflt.ads:system__val_flt__impl__double_real__OmultiplyXnn" targetname: "__aeabi_fadd" }
edge: { sourcename: "/home/julius/Programmieren/stm32f0304p6/light-cortex-m0/gnat/s-valflt.ads:system__val_flt__impl__double_real__OmultiplyXnn" targetname: "__aeabi_fmul" }
edge: { sourcename: "/home/julius/Programmieren/stm32f0304p6/light-cortex-m0/gnat/s-valflt.ads:system__val_flt__impl__double_real__OmultiplyXnn" targetname: "__aeabi_fadd" }
edge: { sourcename: "/home/julius/Programmieren/stm32f0304p6/light-cortex-m0/gnat/s-valflt.ads:system__val_flt__impl__double_real__OmultiplyXnn" targetname: "__aeabi_fmul" }
edge: { sourcename: "/home/julius/Programmieren/stm32f0304p6/light-cortex-m0/gnat/s-valflt.ads:system__val_flt__impl__double_real__OmultiplyXnn" targetname: "__aeabi_fadd" }
edge: { sourcename: "/home/julius/Programmieren/stm32f0304p6/light-cortex-m0/gnat/s-valflt.ads:system__val_flt__impl__double_real__OmultiplyXnn" targetname: "__aeabi_fadd" }
edge: { sourcename: "/home/julius/Programmieren/stm32f0304p6/light-cortex-m0/gnat/s-valflt.ads:system__val_flt__impl__double_real__OmultiplyXnn" targetname: "__aeabi_fsub" }
edge: { sourcename: "/home/julius/Programmieren/stm32f0304p6/light-cortex-m0/gnat/s-valflt.ads:system__val_flt__impl__double_real__OmultiplyXnn" targetname: "__aeabi_fsub" }
node: { title: "/home/julius/Programmieren/stm32f0304p6/light-cortex-m0/gnat/s-valflt.ads:system__val_flt__impl__double_real__Odivide__2Xnn" label: "2xnn\n/home/julius/Programmieren/stm32f0304p6/light-cortex-m0/gnat/s-dourea.adb:194:4\n64 bytes (static)\n0 dynamic objects" }
node: { title: "__aeabi_fdiv" label: "aeabi_fdiv\n<built-in>" shape : ellipse }
edge: { sourcename: "/home/julius/Programmieren/stm32f0304p6/light-cortex-m0/gnat/s-valflt.ads:system__val_flt__impl__double_real__Odivide__2Xnn" targetname: "__aeabi_fdiv" }
edge: { sourcename: "/home/julius/Programmieren/stm32f0304p6/light-cortex-m0/gnat/s-valflt.ads:system__val_flt__impl__double_real__Odivide__2Xnn" targetname: "/home/julius/Programmieren/stm32f0304p6/light-cortex-m0/gnat/s-valflt.ads:system__val_flt__impl__double_real__OmultiplyXnn" label: "/home/julius/Programmieren/stm32f0304p6/light-cortex-m0/gnat/s-dourea.adb:200:18" }
edge: { sourcename: "/home/julius/Programmieren/stm32f0304p6/light-cortex-m0/gnat/s-valflt.ads:system__val_flt__impl__double_real__Odivide__2Xnn" targetname: "__aeabi_fsub" }
edge: { sourcename: "/home/julius/Programmieren/stm32f0304p6/light-cortex-m0/gnat/s-valflt.ads:system__val_flt__impl__double_real__Odivide__2Xnn" targetname: "__aeabi_fsub" }
edge: { sourcename: "/home/julius/Programmieren/stm32f0304p6/light-cortex-m0/gnat/s-valflt.ads:system__val_flt__impl__double_real__Odivide__2Xnn" targetname: "__aeabi_fsub" }
edge: { sourcename: "/home/julius/Programmieren/stm32f0304p6/light-cortex-m0/gnat/s-valflt.ads:system__val_flt__impl__double_real__Odivide__2Xnn" targetname: "__aeabi_fsub" }
edge: { sourcename: "/home/julius/Programmieren/stm32f0304p6/light-cortex-m0/gnat/s-valflt.ads:system__val_flt__impl__double_real__Odivide__2Xnn" targetname: "__aeabi_fsub" }
edge: { sourcename: "/home/julius/Programmieren/stm32f0304p6/light-cortex-m0/gnat/s-valflt.ads:system__val_flt__impl__double_real__Odivide__2Xnn" targetname: "__aeabi_fsub" }
edge: { sourcename: "/home/julius/Programmieren/stm32f0304p6/light-cortex-m0/gnat/s-valflt.ads:system__val_flt__impl__double_real__Odivide__2Xnn" targetname: "__aeabi_fadd" }
edge: { sourcename: "/home/julius/Programmieren/stm32f0304p6/light-cortex-m0/gnat/s-valflt.ads:system__val_flt__impl__double_real__Odivide__2Xnn" targetname: "__aeabi_fsub" }
edge: { sourcename: "/home/julius/Programmieren/stm32f0304p6/light-cortex-m0/gnat/s-valflt.ads:system__val_flt__impl__double_real__Odivide__2Xnn" targetname: "__aeabi_fadd" }
edge: { sourcename: "/home/julius/Programmieren/stm32f0304p6/light-cortex-m0/gnat/s-valflt.ads:system__val_flt__impl__double_real__Odivide__2Xnn" targetname: "__aeabi_fadd" }
edge: { sourcename: "/home/julius/Programmieren/stm32f0304p6/light-cortex-m0/gnat/s-valflt.ads:system__val_flt__impl__double_real__Odivide__2Xnn" targetname: "__aeabi_fsub" }
edge: { sourcename: "/home/julius/Programmieren/stm32f0304p6/light-cortex-m0/gnat/s-valflt.ads:system__val_flt__impl__double_real__Odivide__2Xnn" targetname: "__aeabi_fsub" }
edge: { sourcename: "/home/julius/Programmieren/stm32f0304p6/light-cortex-m0/gnat/s-valflt.ads:system__val_flt__impl__double_real__Odivide__2Xnn" targetname: "__aeabi_fadd" }
edge: { sourcename: "/home/julius/Programmieren/stm32f0304p6/light-cortex-m0/gnat/s-valflt.ads:system__val_flt__impl__double_real__Odivide__2Xnn" targetname: "__aeabi_fsub" }
edge: { sourcename: "/home/julius/Programmieren/stm32f0304p6/light-cortex-m0/gnat/s-valflt.ads:system__val_flt__impl__double_real__Odivide__2Xnn" targetname: "__aeabi_fsub" }
edge: { sourcename: "/home/julius/Programmieren/stm32f0304p6/light-cortex-m0/gnat/s-valflt.ads:system__val_flt__impl__double_real__Odivide__2Xnn" targetname: "__aeabi_fsub" }
edge: { sourcename: "/home/julius/Programmieren/stm32f0304p6/light-cortex-m0/gnat/s-valflt.ads:system__val_flt__impl__double_real__Odivide__2Xnn" targetname: "__aeabi_fadd" }
edge: { sourcename: "/home/julius/Programmieren/stm32f0304p6/light-cortex-m0/gnat/s-valflt.ads:system__val_flt__impl__double_real__Odivide__2Xnn" targetname: "__aeabi_fadd" }
edge: { sourcename: "/home/julius/Programmieren/stm32f0304p6/light-cortex-m0/gnat/s-valflt.ads:system__val_flt__impl__double_real__Odivide__2Xnn" targetname: "__aeabi_fsub" }
edge: { sourcename: "/home/julius/Programmieren/stm32f0304p6/light-cortex-m0/gnat/s-valflt.ads:system__val_flt__impl__double_real__Odivide__2Xnn" targetname: "__aeabi_fsub" }
edge: { sourcename: "/home/julius/Programmieren/stm32f0304p6/light-cortex-m0/gnat/s-valflt.ads:system__val_flt__impl__double_real__Odivide__2Xnn" targetname: "__aeabi_fdiv" }
edge: { sourcename: "/home/julius/Programmieren/stm32f0304p6/light-cortex-m0/gnat/s-valflt.ads:system__val_flt__impl__double_real__Odivide__2Xnn" targetname: "/home/julius/Programmieren/stm32f0304p6/light-cortex-m0/gnat/s-valflt.ads:system__val_flt__impl__double_real__OmultiplyXnn" label: "/home/julius/Programmieren/stm32f0304p6/light-cortex-m0/gnat/s-dourea.adb:203:18" }
edge: { sourcename: "/home/julius/Programmieren/stm32f0304p6/light-cortex-m0/gnat/s-valflt.ads:system__val_flt__impl__double_real__Odivide__2Xnn" targetname: "__aeabi_fsub" }
edge: { sourcename: "/home/julius/Programmieren/stm32f0304p6/light-cortex-m0/gnat/s-valflt.ads:system__val_flt__impl__double_real__Odivide__2Xnn" targetname: "__aeabi_fsub" }
edge: { sourcename: "/home/julius/Programmieren/stm32f0304p6/light-cortex-m0/gnat/s-valflt.ads:system__val_flt__impl__double_real__Odivide__2Xnn" targetname: "__aeabi_fsub" }
edge: { sourcename: "/home/julius/Programmieren/stm32f0304p6/light-cortex-m0/gnat/s-valflt.ads:system__val_flt__impl__double_real__Odivide__2Xnn" targetname: "__aeabi_fsub" }
edge: { sourcename: "/home/julius/Programmieren/stm32f0304p6/light-cortex-m0/gnat/s-valflt.ads:system__val_flt__impl__double_real__Odivide__2Xnn" targetname: "__aeabi_fsub" }
edge: { sourcename: "/home/julius/Programmieren/stm32f0304p6/light-cortex-m0/gnat/s-valflt.ads:system__val_flt__impl__double_real__Odivide__2Xnn" targetname: "__aeabi_fsub" }
edge: { sourcename: "/home/julius/Programmieren/stm32f0304p6/light-cortex-m0/gnat/s-valflt.ads:system__val_flt__impl__double_real__Odivide__2Xnn" targetname: "__aeabi_fadd" }
edge: { sourcename: "/home/julius/Programmieren/stm32f0304p6/light-cortex-m0/gnat/s-valflt.ads:system__val_flt__impl__double_real__Odivide__2Xnn" targetname: "__aeabi_fsub" }
edge: { sourcename: "/home/julius/Programmieren/stm32f0304p6/light-cortex-m0/gnat/s-valflt.ads:system__val_flt__impl__double_real__Odivide__2Xnn" targetname: "__aeabi_fadd" }
edge: { sourcename: "/home/julius/Programmieren/stm32f0304p6/light-cortex-m0/gnat/s-valflt.ads:system__val_flt__impl__double_real__Odivide__2Xnn" targetname: "__aeabi_fadd" }
edge: { sourcename: "/home/julius/Programmieren/stm32f0304p6/light-cortex-m0/gnat/s-valflt.ads:system__val_flt__impl__double_real__Odivide__2Xnn" targetname: "__aeabi_fadd" }
edge: { sourcename: "/home/julius/Programmieren/stm32f0304p6/light-cortex-m0/gnat/s-valflt.ads:system__val_flt__impl__double_real__Odivide__2Xnn" targetname: "__aeabi_fsub" }
edge: { sourcename: "/home/julius/Programmieren/stm32f0304p6/light-cortex-m0/gnat/s-valflt.ads:system__val_flt__impl__double_real__Odivide__2Xnn" targetname: "__aeabi_fsub" }
edge: { sourcename: "/home/julius/Programmieren/stm32f0304p6/light-cortex-m0/gnat/s-valflt.ads:system__val_flt__impl__double_real__Odivide__2Xnn" targetname: "__aeabi_fadd" }
edge: { sourcename: "/home/julius/Programmieren/stm32f0304p6/light-cortex-m0/gnat/s-valflt.ads:system__val_flt__impl__double_real__Odivide__2Xnn" targetname: "__aeabi_fsub" }
edge: { sourcename: "/home/julius/Programmieren/stm32f0304p6/light-cortex-m0/gnat/s-valflt.ads:system__val_flt__impl__double_real__Odivide__2Xnn" targetname: "__aeabi_fsub" }
edge: { sourcename: "/home/julius/Programmieren/stm32f0304p6/light-cortex-m0/gnat/s-valflt.ads:system__val_flt__impl__double_real__Odivide__2Xnn" targetname: "__aeabi_fsub" }
edge: { sourcename: "/home/julius/Programmieren/stm32f0304p6/light-cortex-m0/gnat/s-valflt.ads:system__val_flt__impl__double_real__Odivide__2Xnn" targetname: "__aeabi_fadd" }
edge: { sourcename: "/home/julius/Programmieren/stm32f0304p6/light-cortex-m0/gnat/s-valflt.ads:system__val_flt__impl__double_real__Odivide__2Xnn" targetname: "__aeabi_fadd" }
edge: { sourcename: "/home/julius/Programmieren/stm32f0304p6/light-cortex-m0/gnat/s-valflt.ads:system__val_flt__impl__double_real__Odivide__2Xnn" targetname: "__aeabi_fdiv" }
edge: { sourcename: "/home/julius/Programmieren/stm32f0304p6/light-cortex-m0/gnat/s-valflt.ads:system__val_flt__impl__double_real__Odivide__2Xnn" targetname: "__aeabi_fsub" }
edge: { sourcename: "/home/julius/Programmieren/stm32f0304p6/light-cortex-m0/gnat/s-valflt.ads:system__val_flt__impl__double_real__Odivide__2Xnn" targetname: "__aeabi_fsub" }
edge: { sourcename: "/home/julius/Programmieren/stm32f0304p6/light-cortex-m0/gnat/s-valflt.ads:system__val_flt__impl__double_real__Odivide__2Xnn" targetname: "__aeabi_fadd" }
edge: { sourcename: "/home/julius/Programmieren/stm32f0304p6/light-cortex-m0/gnat/s-valflt.ads:system__val_flt__impl__double_real__Odivide__2Xnn" targetname: "__aeabi_fadd" }
edge: { sourcename: "/home/julius/Programmieren/stm32f0304p6/light-cortex-m0/gnat/s-valflt.ads:system__val_flt__impl__double_real__Odivide__2Xnn" targetname: "__aeabi_fsub" }
edge: { sourcename: "/home/julius/Programmieren/stm32f0304p6/light-cortex-m0/gnat/s-valflt.ads:system__val_flt__impl__double_real__Odivide__2Xnn" targetname: "__aeabi_fsub" }
node: { title: "/home/julius/Programmieren/stm32f0304p6/light-cortex-m0/gnat/s-valflt.ads:system__val_flt__impl__double_real__Omultiply__2Xnn" label: "2xnn\n/home/julius/Programmieren/stm32f0304p6/light-cortex-m0/gnat/s-dourea.adb:161:4\n56 bytes (static)\n0 dynamic objects" }
edge: { sourcename: "/home/julius/Programmieren/stm32f0304p6/light-cortex-m0/gnat/s-valflt.ads:system__val_flt__impl__double_real__Omultiply__2Xnn" targetname: "__aeabi_fmul" }
edge: { sourcename: "/home/julius/Programmieren/stm32f0304p6/light-cortex-m0/gnat/s-valflt.ads:system__val_flt__impl__double_real__Omultiply__2Xnn" targetname: "__aeabi_fsub" }
edge: { sourcename: "/home/julius/Programmieren/stm32f0304p6/light-cortex-m0/gnat/s-valflt.ads:system__val_flt__impl__double_real__Omultiply__2Xnn" targetname: "__aeabi_fcmpeq" }
edge: { sourcename: "/home/julius/Programmieren/stm32f0304p6/light-cortex-m0/gnat/s-valflt.ads:system__val_flt__impl__double_real__Omultiply__2Xnn" targetname: "__aeabi_fcmpeq" }
edge: { sourcename: "/home/julius/Programmieren/stm32f0304p6/light-cortex-m0/gnat/s-valflt.ads:system__val_flt__impl__double_real__Omultiply__2Xnn" targetname: "__aeabi_fcmpeq" }
edge: { sourcename: "/home/julius/Programmieren/stm32f0304p6/light-cortex-m0/gnat/s-valflt.ads:system__val_flt__impl__double_real__Omultiply__2Xnn" targetname: "__aeabi_fcmpeq" }
edge: { sourcename: "/home/julius/Programmieren/stm32f0304p6/light-cortex-m0/gnat/s-valflt.ads:system__val_flt__impl__double_real__Omultiply__2Xnn" targetname: "__aeabi_fsub" }
edge: { sourcename: "/home/julius/Programmieren/stm32f0304p6/light-cortex-m0/gnat/s-valflt.ads:system__val_flt__impl__double_real__Omultiply__2Xnn" targetname: "__aeabi_fcmpeq" }
edge: { sourcename: "/home/julius/Programmieren/stm32f0304p6/light-cortex-m0/gnat/s-valflt.ads:system__val_flt__impl__double_real__Omultiply__2Xnn" targetname: "__aeabi_fsub" }
edge: { sourcename: "/home/julius/Programmieren/stm32f0304p6/light-cortex-m0/gnat/s-valflt.ads:system__val_flt__impl__double_real__Omultiply__2Xnn" targetname: "__aeabi_fmul" }
edge: { sourcename: "/home/julius/Programmieren/stm32f0304p6/light-cortex-m0/gnat/s-valflt.ads:system__val_flt__impl__double_real__Omultiply__2Xnn" targetname: "__aeabi_fsub" }
edge: { sourcename: "/home/julius/Programmieren/stm32f0304p6/light-cortex-m0/gnat/s-valflt.ads:system__val_flt__impl__double_real__Omultiply__2Xnn" targetname: "__aeabi_fmul" }
edge: { sourcename: "/home/julius/Programmieren/stm32f0304p6/light-cortex-m0/gnat/s-valflt.ads:system__val_flt__impl__double_real__Omultiply__2Xnn" targetname: "__aeabi_fadd" }
edge: { sourcename: "/home/julius/Programmieren/stm32f0304p6/light-cortex-m0/gnat/s-valflt.ads:system__val_flt__impl__double_real__Omultiply__2Xnn" targetname: "__aeabi_fmul" }
edge: { sourcename: "/home/julius/Programmieren/stm32f0304p6/light-cortex-m0/gnat/s-valflt.ads:system__val_flt__impl__double_real__Omultiply__2Xnn" targetname: "__aeabi_fadd" }
edge: { sourcename: "/home/julius/Programmieren/stm32f0304p6/light-cortex-m0/gnat/s-valflt.ads:system__val_flt__impl__double_real__Omultiply__2Xnn" targetname: "__aeabi_fmul" }
edge: { sourcename: "/home/julius/Programmieren/stm32f0304p6/light-cortex-m0/gnat/s-valflt.ads:system__val_flt__impl__double_real__Omultiply__2Xnn" targetname: "__aeabi_fadd" }
edge: { sourcename: "/home/julius/Programmieren/stm32f0304p6/light-cortex-m0/gnat/s-valflt.ads:system__val_flt__impl__double_real__Omultiply__2Xnn" targetname: "__aeabi_fmul" }
edge: { sourcename: "/home/julius/Programmieren/stm32f0304p6/light-cortex-m0/gnat/s-valflt.ads:system__val_flt__impl__double_real__Omultiply__2Xnn" targetname: "__aeabi_fadd" }
edge: { sourcename: "/home/julius/Programmieren/stm32f0304p6/light-cortex-m0/gnat/s-valflt.ads:system__val_flt__impl__double_real__Omultiply__2Xnn" targetname: "__aeabi_fmul" }
edge: { sourcename: "/home/julius/Programmieren/stm32f0304p6/light-cortex-m0/gnat/s-valflt.ads:system__val_flt__impl__double_real__Omultiply__2Xnn" targetname: "__aeabi_fadd" }
edge: { sourcename: "/home/julius/Programmieren/stm32f0304p6/light-cortex-m0/gnat/s-valflt.ads:system__val_flt__impl__double_real__Omultiply__2Xnn" targetname: "__aeabi_fadd" }
edge: { sourcename: "/home/julius/Programmieren/stm32f0304p6/light-cortex-m0/gnat/s-valflt.ads:system__val_flt__impl__double_real__Omultiply__2Xnn" targetname: "__aeabi_fsub" }
edge: { sourcename: "/home/julius/Programmieren/stm32f0304p6/light-cortex-m0/gnat/s-valflt.ads:system__val_flt__impl__double_real__Omultiply__2Xnn" targetname: "__aeabi_fsub" }
node: { title: "/home/julius/Programmieren/stm32f0304p6/light-cortex-m0/gnat/s-valflt.ads:system__val_flt__impl__large_powten" label: "Large_Powten\n/home/julius/Programmieren/stm32f0304p6/light-cortex-m0/gnat/s-valrea.adb:327:4\n72 bytes (static)\n0 dynamic objects" }
edge: { sourcename: "/home/julius/Programmieren/stm32f0304p6/light-cortex-m0/gnat/s-valflt.ads:system__val_flt__impl__large_powten" targetname: "__aeabi_fmul" }
edge: { sourcename: "/home/julius/Programmieren/stm32f0304p6/light-cortex-m0/gnat/s-valflt.ads:system__val_flt__impl__large_powten" targetname: "__aeabi_fsub" }
edge: { sourcename: "/home/julius/Programmieren/stm32f0304p6/light-cortex-m0/gnat/s-valflt.ads:system__val_flt__impl__large_powten" targetname: "__aeabi_fcmpeq" }
edge: { sourcename: "/home/julius/Programmieren/stm32f0304p6/light-cortex-m0/gnat/s-valflt.ads:system__val_flt__impl__large_powten" targetname: "__aeabi_fcmpeq" }
edge: { sourcename: "/home/julius/Programmieren/stm32f0304p6/light-cortex-m0/gnat/s-valflt.ads:system__val_flt__impl__large_powten" targetname: "__aeabi_fcmpeq" }
edge: { sourcename: "/home/julius/Programmieren/stm32f0304p6/light-cortex-m0/gnat/s-valflt.ads:system__val_flt__impl__large_powten" targetname: "__aeabi_fsub" }
edge: { sourcename: "/home/julius/Programmieren/stm32f0304p6/light-cortex-m0/gnat/s-valflt.ads:system__val_flt__impl__large_powten" targetname: "__aeabi_fmul" }
edge: { sourcename: "/home/julius/Programmieren/stm32f0304p6/light-cortex-m0/gnat/s-valflt.ads:system__val_flt__impl__large_powten" targetname: "__aeabi_fmul" }
edge: { sourcename: "/home/julius/Programmieren/stm32f0304p6/light-cortex-m0/gnat/s-valflt.ads:system__val_flt__impl__large_powten" targetname: "__aeabi_fmul" }
edge: { sourcename: "/home/julius/Programmieren/stm32f0304p6/light-cortex-m0/gnat/s-valflt.ads:system__val_flt__impl__large_powten" targetname: "__aeabi_fsub" }
edge: { sourcename: "/home/julius/Programmieren/stm32f0304p6/light-cortex-m0/gnat/s-valflt.ads:system__val_flt__impl__large_powten" targetname: "__aeabi_fmul" }
edge: { sourcename: "/home/julius/Programmieren/stm32f0304p6/light-cortex-m0/gnat/s-valflt.ads:system__val_flt__impl__large_powten" targetname: "__aeabi_fadd" }
edge: { sourcename: "/home/julius/Programmieren/stm32f0304p6/light-cortex-m0/gnat/s-valflt.ads:system__val_flt__impl__large_powten" targetname: "__aeabi_fadd" }
edge: { sourcename: "/home/julius/Programmieren/stm32f0304p6/light-cortex-m0/gnat/s-valflt.ads:system__val_flt__impl__large_powten" targetname: "__aeabi_fadd" }
edge: { sourcename: "/home/julius/Programmieren/stm32f0304p6/light-cortex-m0/gnat/s-valflt.ads:system__val_flt__impl__large_powten" targetname: "__aeabi_fcmpeq" }
edge: { sourcename: "/home/julius/Programmieren/stm32f0304p6/light-cortex-m0/gnat/s-valflt.ads:system__val_flt__impl__large_powten" targetname: "__aeabi_fmul" }
edge: { sourcename: "/home/julius/Programmieren/stm32f0304p6/light-cortex-m0/gnat/s-valflt.ads:system__val_flt__impl__large_powten" targetname: "__aeabi_fadd" }
edge: { sourcename: "/home/julius/Programmieren/stm32f0304p6/light-cortex-m0/gnat/s-valflt.ads:system__val_flt__impl__large_powten" targetname: "__aeabi_fmul" }
edge: { sourcename: "/home/julius/Programmieren/stm32f0304p6/light-cortex-m0/gnat/s-valflt.ads:system__val_flt__impl__large_powten" targetname: "__aeabi_fadd" }
edge: { sourcename: "/home/julius/Programmieren/stm32f0304p6/light-cortex-m0/gnat/s-valflt.ads:system__val_flt__impl__large_powten" targetname: "__aeabi_fadd" }
edge: { sourcename: "/home/julius/Programmieren/stm32f0304p6/light-cortex-m0/gnat/s-valflt.ads:system__val_flt__impl__large_powten" targetname: "__aeabi_fsub" }
edge: { sourcename: "/home/julius/Programmieren/stm32f0304p6/light-cortex-m0/gnat/s-valflt.ads:system__val_flt__impl__large_powten" targetname: "__aeabi_fsub" }
edge: { sourcename: "/home/julius/Programmieren/stm32f0304p6/light-cortex-m0/gnat/s-valflt.ads:system__val_flt__impl__large_powten" targetname: "/home/julius/Programmieren/stm32f0304p6/light-cortex-m0/gnat/s-valflt.ads:system__val_flt__impl__double_real__Omultiply__2Xnn" label: "/home/julius/Programmieren/stm32f0304p6/light-cortex-m0/gnat/s-valrea.adb:346:14" }
node: { title: "/home/julius/Programmieren/stm32f0304p6/light-cortex-m0/gnat/s-valflt.ads:system__val_flt__impl__integer_to_real.constprop.0" label: "Integer_To_Real.Constprop\n/home/julius/Programmieren/stm32f0304p6/light-cortex-m0/gnat/s-valrea.adb:102:4\n56 bytes (static)\n0 dynamic objects" }
node: { title: "__aeabi_ui2f" label: "aeabi_ui2f\n<built-in>" shape : ellipse }
edge: { sourcename: "/home/julius/Programmieren/stm32f0304p6/light-cortex-m0/gnat/s-valflt.ads:system__val_flt__impl__integer_to_real.constprop.0" targetname: "__aeabi_ui2f" }
edge: { sourcename: "/home/julius/Programmieren/stm32f0304p6/light-cortex-m0/gnat/s-valflt.ads:system__val_flt__impl__integer_to_real.constprop.0" targetname: "__aeabi_ui2f" }
edge: { sourcename: "/home/julius/Programmieren/stm32f0304p6/light-cortex-m0/gnat/s-valflt.ads:system__val_flt__impl__integer_to_real.constprop.0" targetname: "__aeabi_fadd" }
edge: { sourcename: "/home/julius/Programmieren/stm32f0304p6/light-cortex-m0/gnat/s-valflt.ads:system__val_flt__impl__integer_to_real.constprop.0" targetname: "__aeabi_fsub" }
edge: { sourcename: "/home/julius/Programmieren/stm32f0304p6/light-cortex-m0/gnat/s-valflt.ads:system__val_flt__impl__integer_to_real.constprop.0" targetname: "__aeabi_fsub" }
node: { title: "system__fat_flt__attr_float__scaling" label: "Scaling\n/home/julius/Programmieren/stm32f0304p6/light-cortex-m0/gnat/s-fatgen.ads:81:13" shape : ellipse }
edge: { sourcename: "/home/julius/Programmieren/stm32f0304p6/light-cortex-m0/gnat/s-valflt.ads:system__val_flt__impl__integer_to_real.constprop.0" targetname: "system__fat_flt__attr_float__scaling" label: "/home/julius/Programmieren/stm32f0304p6/light-cortex-m0/gnat/s-valrea.adb:222:28" }
edge: { sourcename: "/home/julius/Programmieren/stm32f0304p6/light-cortex-m0/gnat/s-valflt.ads:system__val_flt__impl__integer_to_real.constprop.0" targetname: "system__fat_flt__attr_float__scaling" label: "/home/julius/Programmieren/stm32f0304p6/light-cortex-m0/gnat/s-valrea.adb:229:28" }
edge: { sourcename: "/home/julius/Programmieren/stm32f0304p6/light-cortex-m0/gnat/s-valflt.ads:system__val_flt__impl__integer_to_real.constprop.0" targetname: "system__fat_flt__attr_float__scaling" label: "/home/julius/Programmieren/stm32f0304p6/light-cortex-m0/gnat/s-valrea.adb:236:28" }
edge: { sourcename: "/home/julius/Programmieren/stm32f0304p6/light-cortex-m0/gnat/s-valflt.ads:system__val_flt__impl__integer_to_real.constprop.0" targetname: "system__fat_flt__attr_float__scaling" label: "/home/julius/Programmieren/stm32f0304p6/light-cortex-m0/gnat/s-valrea.adb:243:28" }
edge: { sourcename: "/home/julius/Programmieren/stm32f0304p6/light-cortex-m0/gnat/s-valflt.ads:system__val_flt__impl__integer_to_real.constprop.0" targetname: "/home/julius/Programmieren/stm32f0304p6/light-cortex-m0/gnat/s-valflt.ads:system__val_flt__impl__double_real__Omultiply__2Xnn" label: "/home/julius/Programmieren/stm32f0304p6/light-cortex-m0/gnat/s-valrea.adb:263:40" }
edge: { sourcename: "/home/julius/Programmieren/stm32f0304p6/light-cortex-m0/gnat/s-valflt.ads:system__val_flt__impl__integer_to_real.constprop.0" targetname: "/home/julius/Programmieren/stm32f0304p6/light-cortex-m0/gnat/s-valflt.ads:system__val_flt__impl__large_powten" label: "/home/julius/Programmieren/stm32f0304p6/light-cortex-m0/gnat/s-valrea.adb:265:42" }
edge: { sourcename: "/home/julius/Programmieren/stm32f0304p6/light-cortex-m0/gnat/s-valflt.ads:system__val_flt__impl__integer_to_real.constprop.0" targetname: "/home/julius/Programmieren/stm32f0304p6/light-cortex-m0/gnat/s-valflt.ads:system__val_flt__impl__double_real__Omultiply__2Xnn" label: "/home/julius/Programmieren/stm32f0304p6/light-cortex-m0/gnat/s-valrea.adb:265:40" }
edge: { sourcename: "/home/julius/Programmieren/stm32f0304p6/light-cortex-m0/gnat/s-valflt.ads:system__val_flt__impl__integer_to_real.constprop.0" targetname: "/home/julius/Programmieren/stm32f0304p6/light-cortex-m0/gnat/s-valflt.ads:system__val_flt__impl__large_powten" label: "/home/julius/Programmieren/stm32f0304p6/light-cortex-m0/gnat/s-valrea.adb:270:42" }
edge: { sourcename: "/home/julius/Programmieren/stm32f0304p6/light-cortex-m0/gnat/s-valflt.ads:system__val_flt__impl__integer_to_real.constprop.0" targetname: "/home/julius/Programmieren/stm32f0304p6/light-cortex-m0/gnat/s-valflt.ads:system__val_flt__impl__double_real__Odivide__2Xnn" label: "/home/julius/Programmieren/stm32f0304p6/light-cortex-m0/gnat/s-valrea.adb:270:40" }
edge: { sourcename: "/home/julius/Programmieren/stm32f0304p6/light-cortex-m0/gnat/s-valflt.ads:system__val_flt__impl__integer_to_real.constprop.0" targetname: "/home/julius/Programmieren/stm32f0304p6/light-cortex-m0/gnat/s-valflt.ads:system__val_flt__impl__double_real__Odivide__2Xnn" label: "/home/julius/Programmieren/stm32f0304p6/light-cortex-m0/gnat/s-valrea.adb:275:40" }
edge: { sourcename: "/home/julius/Programmieren/stm32f0304p6/light-cortex-m0/gnat/s-valflt.ads:system__val_flt__impl__integer_to_real.constprop.0" targetname: "/home/julius/Programmieren/stm32f0304p6/light-cortex-m0/gnat/s-valflt.ads:system__val_flt__impl__large_powten" label: "/home/julius/Programmieren/stm32f0304p6/light-cortex-m0/gnat/s-valrea.adb:277:42" }
edge: { sourcename: "/home/julius/Programmieren/stm32f0304p6/light-cortex-m0/gnat/s-valflt.ads:system__val_flt__impl__integer_to_real.constprop.0" targetname: "/home/julius/Programmieren/stm32f0304p6/light-cortex-m0/gnat/s-valflt.ads:system__val_flt__impl__double_real__Odivide__2Xnn" label: "/home/julius/Programmieren/stm32f0304p6/light-cortex-m0/gnat/s-valrea.adb:277:40" }
edge: { sourcename: "/home/julius/Programmieren/stm32f0304p6/light-cortex-m0/gnat/s-valflt.ads:system__val_flt__impl__integer_to_real.constprop.0" targetname: "__aeabi_ui2f" }
node: { title: "system__exn_flt__exn_float" label: "Exn_Float\n/home/julius/Programmieren/stm32f0304p6/light-cortex-m0/gnat/s-exnflt.ads:38:13" shape : ellipse }
edge: { sourcename: "/home/julius/Programmieren/stm32f0304p6/light-cortex-m0/gnat/s-valflt.ads:system__val_flt__impl__integer_to_real.constprop.0" targetname: "system__exn_flt__exn_float" label: "/home/julius/Programmieren/stm32f0304p6/light-cortex-m0/gnat/s-valrea.adb:300:41" }
edge: { sourcename: "/home/julius/Programmieren/stm32f0304p6/light-cortex-m0/gnat/s-valflt.ads:system__val_flt__impl__integer_to_real.constprop.0" targetname: "__aeabi_fmul" }
edge: { sourcename: "/home/julius/Programmieren/stm32f0304p6/light-cortex-m0/gnat/s-valflt.ads:system__val_flt__impl__integer_to_real.constprop.0" targetname: "system__exn_flt__exn_float" label: "/home/julius/Programmieren/stm32f0304p6/light-cortex-m0/gnat/s-valrea.adb:304:44" }
edge: { sourcename: "/home/julius/Programmieren/stm32f0304p6/light-cortex-m0/gnat/s-valflt.ads:system__val_flt__impl__integer_to_real.constprop.0" targetname: "__aeabi_fdiv" }
edge: { sourcename: "/home/julius/Programmieren/stm32f0304p6/light-cortex-m0/gnat/s-valflt.ads:system__val_flt__impl__integer_to_real.constprop.0" targetname: "system__exn_flt__exn_float" label: "/home/julius/Programmieren/stm32f0304p6/light-cortex-m0/gnat/s-valrea.adb:308:41" }
edge: { sourcename: "/home/julius/Programmieren/stm32f0304p6/light-cortex-m0/gnat/s-valflt.ads:system__val_flt__impl__integer_to_real.constprop.0" targetname: "__aeabi_fdiv" }
node: { title: "/home/julius/Programmieren/stm32f0304p6/light-cortex-m0/gnat/s-valflt.ads:system__val_flt__impl__impl__scan_integral_digitsXnn" label: "Scan_Integral_Digitsxnn\n/home/julius/Programmieren/stm32f0304p6/light-cortex-m0/gnat/s-valuer.adb:346:4\n72 bytes (static)\n0 dynamic objects" }
node: { title: "__aeabi_uidiv" label: "aeabi_uidiv\n<built-in>" shape : ellipse }
edge: { sourcename: "/home/julius/Programmieren/stm32f0304p6/light-cortex-m0/gnat/s-valflt.ads:system__val_flt__impl__impl__scan_integral_digitsXnn" targetname: "__aeabi_uidiv" }
node: { title: "system__val_flt__impl__impl__scan_raw_realXnn" label: "Scan_Raw_Realxnn\n/home/julius/Programmieren/stm32f0304p6/light-cortex-m0/gnat/s-valuer.adb:483:4\n120 bytes (static)\n0 dynamic objects" }
node: { title: "ada__exceptions__call_last_chance_handler_with_message" label: "Call_Last_Chance_Handler_With_Message\n/home/julius/Programmieren/stm32f0304p6/light-cortex-m0/gnat/a-except.adb:40:14" shape : ellipse }
edge: { sourcename: "system__val_flt__impl__impl__scan_raw_realXnn" targetname: "ada__exceptions__call_last_chance_handler_with_message" label: "/home/julius/Programmieren/stm32f0304p6/light-cortex-m0/gnat/a-except.adb:95:10" }
node: { title: "system__val_util__scan_sign" label: "Scan_Sign\n/home/julius/Programmieren/stm32f0304p6/light-cortex-m0/gnat/s-valuti.ads:113:14" shape : ellipse }
edge: { sourcename: "system__val_flt__impl__impl__scan_raw_realXnn" targetname: "system__val_util__scan_sign" label: "/home/julius/Programmieren/stm32f0304p6/light-cortex-m0/gnat/s-valuer.adb:529:7" }
edge: { sourcename: "system__val_flt__impl__impl__scan_raw_realXnn" targetname: "/home/julius/Programmieren/stm32f0304p6/light-cortex-m0/gnat/s-valflt.ads:system__val_flt__impl__impl__scan_integral_digitsXnn" label: "/home/julius/Programmieren/stm32f0304p6/light-cortex-m0/gnat/s-valuer.adb:545:10" }
node: { title: "system__val_util__bad_value" label: "Bad_Value\n/home/julius/Programmieren/stm32f0304p6/light-cortex-m0/gnat/s-valuti.ads:54:14" shape : ellipse }
edge: { sourcename: "system__val_flt__impl__impl__scan_raw_realXnn" targetname: "system__val_util__bad_value" label: "/home/julius/Programmieren/stm32f0304p6/light-cortex-m0/gnat/s-valuer.adb:562:10" }
edge: { sourcename: "system__val_flt__impl__impl__scan_raw_realXnn" targetname: "__aeabi_uidiv" }
edge: { sourcename: "system__val_flt__impl__impl__scan_raw_realXnn" targetname: "__aeabi_uidiv" }
edge: { sourcename: "system__val_flt__impl__impl__scan_raw_realXnn" targetname: "__aeabi_uidiv" }
edge: { sourcename: "system__val_flt__impl__impl__scan_raw_realXnn" targetname: "__aeabi_uidiv" }
edge: { sourcename: "system__val_flt__impl__impl__scan_raw_realXnn" targetname: "system__val_util__bad_value" label: "/home/julius/Programmieren/stm32f0304p6/light-cortex-m0/gnat/s-valuer.adb:597:13" }
edge: { sourcename: "system__val_flt__impl__impl__scan_raw_realXnn" targetname: "/home/julius/Programmieren/stm32f0304p6/light-cortex-m0/gnat/s-valflt.ads:system__val_flt__impl__impl__scan_integral_digitsXnn" label: "/home/julius/Programmieren/stm32f0304p6/light-cortex-m0/gnat/s-valuer.adb:600:10" }
edge: { sourcename: "system__val_flt__impl__impl__scan_raw_realXnn" targetname: "__aeabi_uidiv" }
edge: { sourcename: "system__val_flt__impl__impl__scan_raw_realXnn" targetname: "__aeabi_uidiv" }
node: { title: "system__val_util__scan_exponent" label: "Scan_Exponent\n/home/julius/Programmieren/stm32f0304p6/light-cortex-m0/gnat/s-valuti.ads:304:14" shape : ellipse }
edge: { sourcename: "system__val_flt__impl__impl__scan_raw_realXnn" targetname: "system__val_util__scan_exponent" label: "/home/julius/Programmieren/stm32f0304p6/light-cortex-m0/gnat/s-valuer.adb:647:7" }
node: { title: "system__val_flt__impl__impl__value_raw_realXnn" label: "Value_Raw_Realxnn\n/home/julius/Programmieren/stm32f0304p6/light-cortex-m0/gnat/s-valuer.adb:664:4\n80 bytes (static)\n0 dynamic objects" }
edge: { sourcename: "system__val_flt__impl__impl__value_raw_realXnn" targetname: "system__val_flt__impl__impl__value_raw_realXnn" label: "/home/julius/Programmieren/stm32f0304p6/light-cortex-m0/gnat/s-valuer.adb:680:20" }
edge: { sourcename: "system__val_flt__impl__impl__value_raw_realXnn" targetname: "system__val_flt__impl__impl__scan_raw_realXnn" label: "/home/julius/Programmieren/stm32f0304p6/light-cortex-m0/gnat/s-valuer.adb:690:18" }
node: { title: "system__val_util__scan_trailing_blanks" label: "Scan_Trailing_Blanks\n/home/julius/Programmieren/stm32f0304p6/light-cortex-m0/gnat/s-valuti.ads:338:14" shape : ellipse }
edge: { sourcename: "system__val_flt__impl__impl__value_raw_realXnn" targetname: "system__val_util__scan_trailing_blanks" label: "/home/julius/Programmieren/stm32f0304p6/light-cortex-m0/gnat/s-valuer.adb:692:13" }
node: { title: "system__val_flt__impl__double_real__product__splitXnnb" label: "Splitxnnb\n/home/julius/Programmieren/stm32f0304p6/light-cortex-m0/gnat/s-dorepr.adb:57:4\n16 bytes (static)\n0 dynamic objects" }
edge: { sourcename: "system__val_flt__impl__double_real__product__splitXnnb" targetname: "__aeabi_fcmpeq" }
edge: { sourcename: "system__val_flt__impl__double_real__product__splitXnnb" targetname: "__aeabi_fsub" }
node: { title: "system__val_flt__impl__double_real__product__two_prodXnnb" label: "Two_Prodxnnb\n/home/julius/Programmieren/stm32f0304p6/light-cortex-m0/gnat/s-dorepr.adb:131:4\n32 bytes (static)\n0 dynamic objects" }
edge: { sourcename: "system__val_flt__impl__double_real__product__two_prodXnnb" targetname: "__aeabi_fmul" }
edge: { sourcename: "system__val_flt__impl__double_real__product__two_prodXnnb" targetname: "__aeabi_fsub" }
edge: { sourcename: "system__val_flt__impl__double_real__product__two_prodXnnb" targetname: "__aeabi_fcmpeq" }
edge: { sourcename: "system__val_flt__impl__double_real__product__two_prodXnnb" targetname: "__aeabi_fcmpeq" }
edge: { sourcename: "system__val_flt__impl__double_real__product__two_prodXnnb" targetname: "__aeabi_fcmpeq" }
edge: { sourcename: "system__val_flt__impl__double_real__product__two_prodXnnb" targetname: "__aeabi_fsub" }
edge: { sourcename: "system__val_flt__impl__double_real__product__two_prodXnnb" targetname: "__aeabi_fcmpeq" }
edge: { sourcename: "system__val_flt__impl__double_real__product__two_prodXnnb" targetname: "__aeabi_fsub" }
edge: { sourcename: "system__val_flt__impl__double_real__product__two_prodXnnb" targetname: "__aeabi_fmul" }
edge: { sourcename: "system__val_flt__impl__double_real__product__two_prodXnnb" targetname: "__aeabi_fsub" }
edge: { sourcename: "system__val_flt__impl__double_real__product__two_prodXnnb" targetname: "__aeabi_fmul" }
edge: { sourcename: "system__val_flt__impl__double_real__product__two_prodXnnb" targetname: "__aeabi_fadd" }
edge: { sourcename: "system__val_flt__impl__double_real__product__two_prodXnnb" targetname: "__aeabi_fmul" }
edge: { sourcename: "system__val_flt__impl__double_real__product__two_prodXnnb" targetname: "__aeabi_fadd" }
edge: { sourcename: "system__val_flt__impl__double_real__product__two_prodXnnb" targetname: "__aeabi_fmul" }
edge: { sourcename: "system__val_flt__impl__double_real__product__two_prodXnnb" targetname: "__aeabi_fadd" }
node: { title: "system__val_flt__impl__double_real__product__two_sqrXnnb" label: "Two_Sqrxnnb\n/home/julius/Programmieren/stm32f0304p6/light-cortex-m0/gnat/s-dorepr.adb:154:4\n32 bytes (static)\n0 dynamic objects" }
edge: { sourcename: "system__val_flt__impl__double_real__product__two_sqrXnnb" targetname: "__aeabi_fmul" }
edge: { sourcename: "system__val_flt__impl__double_real__product__two_sqrXnnb" targetname: "__aeabi_fsub" }
edge: { sourcename: "system__val_flt__impl__double_real__product__two_sqrXnnb" targetname: "__aeabi_fcmpeq" }
edge: { sourcename: "system__val_flt__impl__double_real__product__two_sqrXnnb" targetname: "__aeabi_fcmpeq" }
edge: { sourcename: "system__val_flt__impl__double_real__product__two_sqrXnnb" targetname: "__aeabi_fcmpeq" }
edge: { sourcename: "system__val_flt__impl__double_real__product__two_sqrXnnb" targetname: "__aeabi_fsub" }
edge: { sourcename: "system__val_flt__impl__double_real__product__two_sqrXnnb" targetname: "__aeabi_fmul" }
edge: { sourcename: "system__val_flt__impl__double_real__product__two_sqrXnnb" targetname: "__aeabi_fsub" }
edge: { sourcename: "system__val_flt__impl__double_real__product__two_sqrXnnb" targetname: "__aeabi_fmul" }
edge: { sourcename: "system__val_flt__impl__double_real__product__two_sqrXnnb" targetname: "__aeabi_fadd" }
edge: { sourcename: "system__val_flt__impl__double_real__product__two_sqrXnnb" targetname: "__aeabi_fmul" }
edge: { sourcename: "system__val_flt__impl__double_real__product__two_sqrXnnb" targetname: "__aeabi_fadd" }
edge: { sourcename: "system__val_flt__impl__double_real__product__two_sqrXnnb" targetname: "__aeabi_fadd" }
node: { title: "system__val_flt__impl__double_real__is_nanXnn" label: "Is_Nanxnn\n/home/julius/Programmieren/stm32f0304p6/light-cortex-m0/gnat/s-dourea.adb:34:4\n8 bytes (static)\n0 dynamic objects" }
edge: { sourcename: "system__val_flt__impl__double_real__is_nanXnn" targetname: "__aeabi_fcmpeq" }
node: { title: "system__val_flt__impl__double_real__is_infinityXnn" label: "Is_Infinityxnn\n/home/julius/Programmieren/stm32f0304p6/light-cortex-m0/gnat/s-dourea.adb:37:4\n8 bytes (static)\n0 dynamic objects" }
edge: { sourcename: "system__val_flt__impl__double_real__is_infinityXnn" targetname: "__aeabi_fsub" }
edge: { sourcename: "system__val_flt__impl__double_real__is_infinityXnn" targetname: "__aeabi_fcmpeq" }
node: { title: "system__val_flt__impl__double_real__is_zeroXnn" label: "Is_Zeroxnn\n/home/julius/Programmieren/stm32f0304p6/light-cortex-m0/gnat/s-dourea.adb:41:4\n8 bytes (static)\n0 dynamic objects" }
edge: { sourcename: "system__val_flt__impl__double_real__is_zeroXnn" targetname: "__aeabi_fcmpeq" }
node: { title: "system__val_flt__impl__double_real__double_tIPXnn" label: "double_tIPXnn\n<built-in>\n0 bytes (static)\n0 dynamic objects" }
node: { title: "system__val_flt__impl__scan_real" label: "Scan_Real\n/home/julius/Programmieren/stm32f0304p6/light-cortex-m0/gnat/s-valrea.adb:355:4\n48 bytes (static)\n0 dynamic objects" }
edge: { sourcename: "system__val_flt__impl__scan_real" targetname: "system__val_flt__impl__impl__scan_raw_realXnn" label: "/home/julius/Programmieren/stm32f0304p6/light-cortex-m0/gnat/s-valrea.adb:367:18" }
edge: { sourcename: "system__val_flt__impl__scan_real" targetname: "/home/julius/Programmieren/stm32f0304p6/light-cortex-m0/gnat/s-valflt.ads:system__val_flt__impl__integer_to_real.constprop.0" label: "/home/julius/Programmieren/stm32f0304p6/light-cortex-m0/gnat/s-valrea.adb:369:14" }
node: { title: "system__val_flt__impl__value_real" label: "Value_Real\n/home/julius/Programmieren/stm32f0304p6/light-cortex-m0/gnat/s-valrea.adb:376:4\n32 bytes (static)\n0 dynamic objects" }
edge: { sourcename: "system__val_flt__impl__value_real" targetname: "system__val_flt__impl__impl__value_raw_realXnn" label: "/home/julius/Programmieren/stm32f0304p6/light-cortex-m0/gnat/s-valrea.adb:384:18" }
edge: { sourcename: "system__val_flt__impl__value_real" targetname: "/home/julius/Programmieren/stm32f0304p6/light-cortex-m0/gnat/s-valflt.ads:system__val_flt__impl__integer_to_real.constprop.0" label: "/home/julius/Programmieren/stm32f0304p6/light-cortex-m0/gnat/s-valrea.adb:386:14" }
}
