graph: { title: "/home/julius/Programmieren/stm32f0304p6/light-cortex-m0/gnat/s-vade64.ads"
node: { title: "/home/julius/Programmieren/stm32f0304p6/light-cortex-m0/gnat/s-vade64.ads:system__val_decimal_64__impl__integer_to_decimal" label: "Integer_To_Decimal\n/home/julius/Programmieren/stm32f0304p6/light-cortex-m0/gnat/s-valued.adb:57:4\n112 bytes (static)\n0 dynamic objects" }
node: { title: "__aeabi_uldivmod" label: "aeabi_uldivmod\n<built-in>" shape : ellipse }
edge: { sourcename: "/home/julius/Programmieren/stm32f0304p6/light-cortex-m0/gnat/s-vade64.ads:system__val_decimal_64__impl__integer_to_decimal" targetname: "__aeabi_uldivmod" }
node: { title: "system__val_util__bad_value" label: "Bad_Value\n/home/julius/Programmieren/stm32f0304p6/light-cortex-m0/gnat/s-valuti.ads:54:14" shape : ellipse }
edge: { sourcename: "/home/julius/Programmieren/stm32f0304p6/light-cortex-m0/gnat/s-vade64.ads:system__val_decimal_64__impl__integer_to_decimal" targetname: "system__val_util__bad_value" label: "/home/julius/Programmieren/stm32f0304p6/light-cortex-m0/gnat/s-valued.adb:150:19" }
node: { title: "system__exn_lli__exponn_integer__expon" label: "Expon\n/home/julius/Programmieren/stm32f0304p6/light-cortex-m0/gnat/s-exponn.ads:66:13" shape : ellipse }
edge: { sourcename: "/home/julius/Programmieren/stm32f0304p6/light-cortex-m0/gnat/s-vade64.ads:system__val_decimal_64__impl__integer_to_decimal" targetname: "system__exn_lli__exponn_integer__expon" label: "/home/julius/Programmieren/stm32f0304p6/light-cortex-m0/gnat/s-valued.adb:177:27" }
edge: { sourcename: "/home/julius/Programmieren/stm32f0304p6/light-cortex-m0/gnat/s-vade64.ads:system__val_decimal_64__impl__integer_to_decimal" targetname: "system__exn_lli__exponn_integer__expon" label: "/home/julius/Programmieren/stm32f0304p6/light-cortex-m0/gnat/s-valued.adb:178:47" }
edge: { sourcename: "/home/julius/Programmieren/stm32f0304p6/light-cortex-m0/gnat/s-vade64.ads:system__val_decimal_64__impl__integer_to_decimal" targetname: "__aeabi_uldivmod" }
node: { title: "__aeabi_ldivmod" label: "aeabi_ldivmod\n<built-in>" shape : ellipse }
edge: { sourcename: "/home/julius/Programmieren/stm32f0304p6/light-cortex-m0/gnat/s-vade64.ads:system__val_decimal_64__impl__integer_to_decimal" targetname: "__aeabi_ldivmod" }
node: { title: "__aeabi_lmul" label: "aeabi_lmul\n<built-in>" shape : ellipse }
edge: { sourcename: "/home/julius/Programmieren/stm32f0304p6/light-cortex-m0/gnat/s-vade64.ads:system__val_decimal_64__impl__integer_to_decimal" targetname: "__aeabi_lmul" }
edge: { sourcename: "/home/julius/Programmieren/stm32f0304p6/light-cortex-m0/gnat/s-vade64.ads:system__val_decimal_64__impl__integer_to_decimal" targetname: "__aeabi_uldivmod" }
edge: { sourcename: "/home/julius/Programmieren/stm32f0304p6/light-cortex-m0/gnat/s-vade64.ads:system__val_decimal_64__impl__integer_to_decimal" targetname: "system__exn_lli__exponn_integer__expon" label: "/home/julius/Programmieren/stm32f0304p6/light-cortex-m0/gnat/s-valued.adb:192:47" }
edge: { sourcename: "/home/julius/Programmieren/stm32f0304p6/light-cortex-m0/gnat/s-vade64.ads:system__val_decimal_64__impl__integer_to_decimal" targetname: "__aeabi_uldivmod" }
edge: { sourcename: "/home/julius/Programmieren/stm32f0304p6/light-cortex-m0/gnat/s-vade64.ads:system__val_decimal_64__impl__integer_to_decimal" targetname: "__aeabi_ldivmod" }
edge: { sourcename: "/home/julius/Programmieren/stm32f0304p6/light-cortex-m0/gnat/s-vade64.ads:system__val_decimal_64__impl__integer_to_decimal" targetname: "__aeabi_lmul" }
edge: { sourcename: "/home/julius/Programmieren/stm32f0304p6/light-cortex-m0/gnat/s-vade64.ads:system__val_decimal_64__impl__integer_to_decimal" targetname: "__aeabi_lmul" }
edge: { sourcename: "/home/julius/Programmieren/stm32f0304p6/light-cortex-m0/gnat/s-vade64.ads:system__val_decimal_64__impl__integer_to_decimal" targetname: "__aeabi_lmul" }
edge: { sourcename: "/home/julius/Programmieren/stm32f0304p6/light-cortex-m0/gnat/s-vade64.ads:system__val_decimal_64__impl__integer_to_decimal" targetname: "__aeabi_lmul" }
edge: { sourcename: "/home/julius/Programmieren/stm32f0304p6/light-cortex-m0/gnat/s-vade64.ads:system__val_decimal_64__impl__integer_to_decimal" targetname: "__aeabi_lmul" }
edge: { sourcename: "/home/julius/Programmieren/stm32f0304p6/light-cortex-m0/gnat/s-vade64.ads:system__val_decimal_64__impl__integer_to_decimal" targetname: "__aeabi_lmul" }
edge: { sourcename: "/home/julius/Programmieren/stm32f0304p6/light-cortex-m0/gnat/s-vade64.ads:system__val_decimal_64__impl__integer_to_decimal" targetname: "__aeabi_lmul" }
node: { title: "system__arith_64__scaled_divide64" label: "Scaled_Divide64\n/home/julius/Programmieren/stm32f0304p6/light-cortex-m0/gnat/s-arit64.ads:117:14" shape : ellipse }
edge: { sourcename: "/home/julius/Programmieren/stm32f0304p6/light-cortex-m0/gnat/s-vade64.ads:system__val_decimal_64__impl__integer_to_decimal" targetname: "system__arith_64__scaled_divide64" label: "/home/julius/Programmieren/stm32f0304p6/light-cortex-m0/gnat/s-valued.adb:212:13" }
edge: { sourcename: "/home/julius/Programmieren/stm32f0304p6/light-cortex-m0/gnat/s-vade64.ads:system__val_decimal_64__impl__integer_to_decimal" targetname: "system__exn_lli__exponn_integer__expon" label: "/home/julius/Programmieren/stm32f0304p6/light-cortex-m0/gnat/s-valued.adb:193:27" }
edge: { sourcename: "/home/julius/Programmieren/stm32f0304p6/light-cortex-m0/gnat/s-vade64.ads:system__val_decimal_64__impl__integer_to_decimal" targetname: "system__exn_lli__exponn_integer__expon" label: "/home/julius/Programmieren/stm32f0304p6/light-cortex-m0/gnat/s-valued.adb:193:27" }
node: { title: "/home/julius/Programmieren/stm32f0304p6/light-cortex-m0/gnat/s-vade64.ads:system__val_decimal_64__impl__impl__scan_integral_digitsXnn" label: "Scan_Integral_Digitsxnn\n/home/julius/Programmieren/stm32f0304p6/light-cortex-m0/gnat/s-valuer.adb:346:4\n96 bytes (static)\n0 dynamic objects" }
edge: { sourcename: "/home/julius/Programmieren/stm32f0304p6/light-cortex-m0/gnat/s-vade64.ads:system__val_decimal_64__impl__impl__scan_integral_digitsXnn" targetname: "__aeabi_uldivmod" }
edge: { sourcename: "/home/julius/Programmieren/stm32f0304p6/light-cortex-m0/gnat/s-vade64.ads:system__val_decimal_64__impl__impl__scan_integral_digitsXnn" targetname: "__aeabi_ldivmod" }
edge: { sourcename: "/home/julius/Programmieren/stm32f0304p6/light-cortex-m0/gnat/s-vade64.ads:system__val_decimal_64__impl__impl__scan_integral_digitsXnn" targetname: "__aeabi_uldivmod" }
edge: { sourcename: "/home/julius/Programmieren/stm32f0304p6/light-cortex-m0/gnat/s-vade64.ads:system__val_decimal_64__impl__impl__scan_integral_digitsXnn" targetname: "__aeabi_lmul" }
node: { title: "/home/julius/Programmieren/stm32f0304p6/light-cortex-m0/gnat/s-vade64.ads:system__val_decimal_64__impl__impl__scan_raw_realXnn" label: "Scan_Raw_Realxnn\n/home/julius/Programmieren/stm32f0304p6/light-cortex-m0/gnat/s-valuer.adb:483:4\n168 bytes (static)\n0 dynamic objects" }
node: { title: "ada__exceptions__call_last_chance_handler_with_message" label: "Call_Last_Chance_Handler_With_Message\n/home/julius/Programmieren/stm32f0304p6/light-cortex-m0/gnat/a-except.adb:40:14" shape : ellipse }
edge: { sourcename: "/home/julius/Programmieren/stm32f0304p6/light-cortex-m0/gnat/s-vade64.ads:system__val_decimal_64__impl__impl__scan_raw_realXnn" targetname: "ada__exceptions__call_last_chance_handler_with_message" label: "/home/julius/Programmieren/stm32f0304p6/light-cortex-m0/gnat/a-except.adb:95:10" }
node: { title: "system__val_util__scan_sign" label: "Scan_Sign\n/home/julius/Programmieren/stm32f0304p6/light-cortex-m0/gnat/s-valuti.ads:113:14" shape : ellipse }
edge: { sourcename: "/home/julius/Programmieren/stm32f0304p6/light-cortex-m0/gnat/s-vade64.ads:system__val_decimal_64__impl__impl__scan_raw_realXnn" targetname: "system__val_util__scan_sign" label: "/home/julius/Programmieren/stm32f0304p6/light-cortex-m0/gnat/s-valuer.adb:529:7" }
edge: { sourcename: "/home/julius/Programmieren/stm32f0304p6/light-cortex-m0/gnat/s-vade64.ads:system__val_decimal_64__impl__impl__scan_raw_realXnn" targetname: "/home/julius/Programmieren/stm32f0304p6/light-cortex-m0/gnat/s-vade64.ads:system__val_decimal_64__impl__impl__scan_integral_digitsXnn" label: "/home/julius/Programmieren/stm32f0304p6/light-cortex-m0/gnat/s-valuer.adb:545:10" }
edge: { sourcename: "/home/julius/Programmieren/stm32f0304p6/light-cortex-m0/gnat/s-vade64.ads:system__val_decimal_64__impl__impl__scan_raw_realXnn" targetname: "system__val_util__bad_value" label: "/home/julius/Programmieren/stm32f0304p6/light-cortex-m0/gnat/s-valuer.adb:562:10" }
edge: { sourcename: "/home/julius/Programmieren/stm32f0304p6/light-cortex-m0/gnat/s-vade64.ads:system__val_decimal_64__impl__impl__scan_raw_realXnn" targetname: "__aeabi_uldivmod" }
edge: { sourcename: "/home/julius/Programmieren/stm32f0304p6/light-cortex-m0/gnat/s-vade64.ads:system__val_decimal_64__impl__impl__scan_raw_realXnn" targetname: "__aeabi_ldivmod" }
edge: { sourcename: "/home/julius/Programmieren/stm32f0304p6/light-cortex-m0/gnat/s-vade64.ads:system__val_decimal_64__impl__impl__scan_raw_realXnn" targetname: "__aeabi_uldivmod" }
edge: { sourcename: "/home/julius/Programmieren/stm32f0304p6/light-cortex-m0/gnat/s-vade64.ads:system__val_decimal_64__impl__impl__scan_raw_realXnn" targetname: "__aeabi_uldivmod" }
edge: { sourcename: "/home/julius/Programmieren/stm32f0304p6/light-cortex-m0/gnat/s-vade64.ads:system__val_decimal_64__impl__impl__scan_raw_realXnn" targetname: "__aeabi_ldivmod" }
edge: { sourcename: "/home/julius/Programmieren/stm32f0304p6/light-cortex-m0/gnat/s-vade64.ads:system__val_decimal_64__impl__impl__scan_raw_realXnn" targetname: "__aeabi_uldivmod" }
edge: { sourcename: "/home/julius/Programmieren/stm32f0304p6/light-cortex-m0/gnat/s-vade64.ads:system__val_decimal_64__impl__impl__scan_raw_realXnn" targetname: "system__val_util__bad_value" label: "/home/julius/Programmieren/stm32f0304p6/light-cortex-m0/gnat/s-valuer.adb:597:13" }
edge: { sourcename: "/home/julius/Programmieren/stm32f0304p6/light-cortex-m0/gnat/s-vade64.ads:system__val_decimal_64__impl__impl__scan_raw_realXnn" targetname: "/home/julius/Programmieren/stm32f0304p6/light-cortex-m0/gnat/s-vade64.ads:system__val_decimal_64__impl__impl__scan_integral_digitsXnn" label: "/home/julius/Programmieren/stm32f0304p6/light-cortex-m0/gnat/s-valuer.adb:600:10" }
edge: { sourcename: "/home/julius/Programmieren/stm32f0304p6/light-cortex-m0/gnat/s-vade64.ads:system__val_decimal_64__impl__impl__scan_raw_realXnn" targetname: "__aeabi_uldivmod" }
edge: { sourcename: "/home/julius/Programmieren/stm32f0304p6/light-cortex-m0/gnat/s-vade64.ads:system__val_decimal_64__impl__impl__scan_raw_realXnn" targetname: "__aeabi_ldivmod" }
edge: { sourcename: "/home/julius/Programmieren/stm32f0304p6/light-cortex-m0/gnat/s-vade64.ads:system__val_decimal_64__impl__impl__scan_raw_realXnn" targetname: "__aeabi_uldivmod" }
edge: { sourcename: "/home/julius/Programmieren/stm32f0304p6/light-cortex-m0/gnat/s-vade64.ads:system__val_decimal_64__impl__impl__scan_raw_realXnn" targetname: "__aeabi_lmul" }
edge: { sourcename: "/home/julius/Programmieren/stm32f0304p6/light-cortex-m0/gnat/s-vade64.ads:system__val_decimal_64__impl__impl__scan_raw_realXnn" targetname: "__aeabi_lmul" }
node: { title: "system__val_util__scan_exponent" label: "Scan_Exponent\n/home/julius/Programmieren/stm32f0304p6/light-cortex-m0/gnat/s-valuti.ads:304:14" shape : ellipse }
edge: { sourcename: "/home/julius/Programmieren/stm32f0304p6/light-cortex-m0/gnat/s-vade64.ads:system__val_decimal_64__impl__impl__scan_raw_realXnn" targetname: "system__val_util__scan_exponent" label: "/home/julius/Programmieren/stm32f0304p6/light-cortex-m0/gnat/s-valuer.adb:647:7" }
edge: { sourcename: "/home/julius/Programmieren/stm32f0304p6/light-cortex-m0/gnat/s-vade64.ads:system__val_decimal_64__impl__impl__scan_raw_realXnn" targetname: "__aeabi_lmul" }
node: { title: "/home/julius/Programmieren/stm32f0304p6/light-cortex-m0/gnat/s-vade64.ads:system__val_decimal_64__impl__impl__value_raw_realXnn" label: "Value_Raw_Realxnn\n/home/julius/Programmieren/stm32f0304p6/light-cortex-m0/gnat/s-valuer.adb:664:4\n88 bytes (static)\n0 dynamic objects" }
edge: { sourcename: "/home/julius/Programmieren/stm32f0304p6/light-cortex-m0/gnat/s-vade64.ads:system__val_decimal_64__impl__impl__value_raw_realXnn" targetname: "/home/julius/Programmieren/stm32f0304p6/light-cortex-m0/gnat/s-vade64.ads:system__val_decimal_64__impl__impl__value_raw_realXnn" label: "/home/julius/Programmieren/stm32f0304p6/light-cortex-m0/gnat/s-valuer.adb:680:20" }
edge: { sourcename: "/home/julius/Programmieren/stm32f0304p6/light-cortex-m0/gnat/s-vade64.ads:system__val_decimal_64__impl__impl__value_raw_realXnn" targetname: "/home/julius/Programmieren/stm32f0304p6/light-cortex-m0/gnat/s-vade64.ads:system__val_decimal_64__impl__impl__scan_raw_realXnn" label: "/home/julius/Programmieren/stm32f0304p6/light-cortex-m0/gnat/s-valuer.adb:690:18" }
node: { title: "system__val_util__scan_trailing_blanks" label: "Scan_Trailing_Blanks\n/home/julius/Programmieren/stm32f0304p6/light-cortex-m0/gnat/s-valuti.ads:338:14" shape : ellipse }
edge: { sourcename: "/home/julius/Programmieren/stm32f0304p6/light-cortex-m0/gnat/s-vade64.ads:system__val_decimal_64__impl__impl__value_raw_realXnn" targetname: "system__val_util__scan_trailing_blanks" label: "/home/julius/Programmieren/stm32f0304p6/light-cortex-m0/gnat/s-valuer.adb:692:13" }
node: { title: "system__val_decimal_64__impl__scan_decimal" label: "Scan_Decimal\n/home/julius/Programmieren/stm32f0304p6/light-cortex-m0/gnat/s-valued.adb:226:4\n64 bytes (static)\n0 dynamic objects" }
edge: { sourcename: "system__val_decimal_64__impl__scan_decimal" targetname: "/home/julius/Programmieren/stm32f0304p6/light-cortex-m0/gnat/s-vade64.ads:system__val_decimal_64__impl__impl__scan_raw_realXnn" label: "/home/julius/Programmieren/stm32f0304p6/light-cortex-m0/gnat/s-valued.adb:239:18" }
edge: { sourcename: "system__val_decimal_64__impl__scan_decimal" targetname: "/home/julius/Programmieren/stm32f0304p6/light-cortex-m0/gnat/s-vade64.ads:system__val_decimal_64__impl__integer_to_decimal" label: "/home/julius/Programmieren/stm32f0304p6/light-cortex-m0/gnat/s-valued.adb:241:14" }
node: { title: "system__val_decimal_64__impl__value_decimal" label: "Value_Decimal\n/home/julius/Programmieren/stm32f0304p6/light-cortex-m0/gnat/s-valued.adb:248:4\n64 bytes (static)\n0 dynamic objects" }
edge: { sourcename: "system__val_decimal_64__impl__value_decimal" targetname: "/home/julius/Programmieren/stm32f0304p6/light-cortex-m0/gnat/s-vade64.ads:system__val_decimal_64__impl__impl__value_raw_realXnn" label: "/home/julius/Programmieren/stm32f0304p6/light-cortex-m0/gnat/s-valued.adb:256:18" }
edge: { sourcename: "system__val_decimal_64__impl__value_decimal" targetname: "/home/julius/Programmieren/stm32f0304p6/light-cortex-m0/gnat/s-vade64.ads:system__val_decimal_64__impl__integer_to_decimal" label: "/home/julius/Programmieren/stm32f0304p6/light-cortex-m0/gnat/s-valued.adb:258:14" }
}
