graph: { title: "/home/julius/Programmieren/stm32f0304p6/light-cortex-m0/gnat/s-valint.ads"
node: { title: "system__val_int__impl__scan_integer" label: "Scan_Integer\n/home/julius/Programmieren/stm32f0304p6/light-cortex-m0/gnat/s-valuei.adb:40:4\n56 bytes (static)\n0 dynamic objects" }
node: { title: "system__val_util__scan_sign" label: "Scan_Sign\n/home/julius/Programmieren/stm32f0304p6/light-cortex-m0/gnat/s-valuti.ads:113:14" shape : ellipse }
edge: { sourcename: "system__val_int__impl__scan_integer" targetname: "system__val_util__scan_sign" label: "/home/julius/Programmieren/stm32f0304p6/light-cortex-m0/gnat/s-valuei.adb:56:7" }
node: { title: "system__val_util__bad_value" label: "Bad_Value\n/home/julius/Programmieren/stm32f0304p6/light-cortex-m0/gnat/s-valuti.ads:54:14" shape : ellipse }
edge: { sourcename: "system__val_int__impl__scan_integer" targetname: "system__val_util__bad_value" label: "/home/julius/Programmieren/stm32f0304p6/light-cortex-m0/gnat/s-valuei.adb:60:10" }
node: { title: "system__val_uns__impl__scan_raw_unsigned" label: "Scan_Raw_Unsigned\n/home/julius/Programmieren/stm32f0304p6/light-cortex-m0/gnat/s-valueu.ads:353:14" shape : ellipse }
edge: { sourcename: "system__val_int__impl__scan_integer" targetname: "system__val_uns__impl__scan_raw_unsigned" label: "/home/julius/Programmieren/stm32f0304p6/light-cortex-m0/gnat/s-valuei.adb:63:7" }
edge: { sourcename: "system__val_int__impl__scan_integer" targetname: "system__val_util__bad_value" label: "/home/julius/Programmieren/stm32f0304p6/light-cortex-m0/gnat/s-valuei.adb:71:13" }
node: { title: "system__val_int__impl__value_integer" label: "Value_Integer\n/home/julius/Programmieren/stm32f0304p6/light-cortex-m0/gnat/s-valuei.adb:90:4\n32 bytes (static)\n0 dynamic objects" }
edge: { sourcename: "system__val_int__impl__value_integer" targetname: "system__val_int__impl__value_integer" label: "/home/julius/Programmieren/stm32f0304p6/light-cortex-m0/gnat/s-valuei.adb:100:20" }
edge: { sourcename: "system__val_int__impl__value_integer" targetname: "system__val_int__impl__scan_integer" label: "/home/julius/Programmieren/stm32f0304p6/light-cortex-m0/gnat/s-valuei.adb:110:13" }
node: { title: "system__val_util__scan_trailing_blanks" label: "Scan_Trailing_Blanks\n/home/julius/Programmieren/stm32f0304p6/light-cortex-m0/gnat/s-valuti.ads:338:14" shape : ellipse }
edge: { sourcename: "system__val_int__impl__value_integer" targetname: "system__val_util__scan_trailing_blanks" label: "/home/julius/Programmieren/stm32f0304p6/light-cortex-m0/gnat/s-valuei.adb:111:13" }
}
