graph: { title: "/home/julius/Programmieren/stm32f0304p6/light-cortex-m0/gnat/s-vafi32.ads"
node: { title: "/home/julius/Programmieren/stm32f0304p6/light-cortex-m0/gnat/s-vafi32.ads:system__val_fixed_32__impl__impl__round_extraXnn" label: "Round_Extraxnn\n/home/julius/Programmieren/stm32f0304p6/light-cortex-m0/gnat/s-valuer.adb:124:4\n48 bytes (static)\n0 dynamic objects" }
edge: { sourcename: "/home/julius/Programmieren/stm32f0304p6/light-cortex-m0/gnat/s-vafi32.ads:system__val_fixed_32__impl__impl__round_extraXnn" targetname: "/home/julius/Programmieren/stm32f0304p6/light-cortex-m0/gnat/s-vafi32.ads:system__val_fixed_32__impl__impl__round_extraXnn" label: "/home/julius/Programmieren/stm32f0304p6/light-cortex-m0/gnat/s-valuer.adb:148:16" }
node: { title: "__aeabi_uidiv" label: "aeabi_uidiv\n<built-in>" shape : ellipse }
edge: { sourcename: "/home/julius/Programmieren/stm32f0304p6/light-cortex-m0/gnat/s-vafi32.ads:system__val_fixed_32__impl__impl__round_extraXnn" targetname: "__aeabi_uidiv" }
node: { title: "__aeabi_uidivmod" label: "aeabi_uidivmod\n<built-in>" shape : ellipse }
edge: { sourcename: "/home/julius/Programmieren/stm32f0304p6/light-cortex-m0/gnat/s-vafi32.ads:system__val_fixed_32__impl__impl__round_extraXnn" targetname: "__aeabi_uidivmod" }
node: { title: "/home/julius/Programmieren/stm32f0304p6/light-cortex-m0/gnat/s-vafi32.ads:system__val_fixed_32__impl__integer_to_fixed" label: "Integer_To_Fixed\n/home/julius/Programmieren/stm32f0304p6/light-cortex-m0/gnat/s-valuef.adb:141:4\n64 bytes (static)\n0 dynamic objects" }
node: { title: "__aeabi_idiv" label: "aeabi_idiv\n<built-in>" shape : ellipse }
edge: { sourcename: "/home/julius/Programmieren/stm32f0304p6/light-cortex-m0/gnat/s-vafi32.ads:system__val_fixed_32__impl__integer_to_fixed" targetname: "__aeabi_idiv" }
edge: { sourcename: "/home/julius/Programmieren/stm32f0304p6/light-cortex-m0/gnat/s-vafi32.ads:system__val_fixed_32__impl__integer_to_fixed" targetname: "__aeabi_uidivmod" }
edge: { sourcename: "/home/julius/Programmieren/stm32f0304p6/light-cortex-m0/gnat/s-vafi32.ads:system__val_fixed_32__impl__integer_to_fixed" targetname: "__aeabi_idiv" }
edge: { sourcename: "/home/julius/Programmieren/stm32f0304p6/light-cortex-m0/gnat/s-vafi32.ads:system__val_fixed_32__impl__integer_to_fixed" targetname: "__aeabi_uidiv" }
node: { title: "system__val_util__bad_value" label: "Bad_Value\n/home/julius/Programmieren/stm32f0304p6/light-cortex-m0/gnat/s-valuti.ads:54:14" shape : ellipse }
edge: { sourcename: "/home/julius/Programmieren/stm32f0304p6/light-cortex-m0/gnat/s-vafi32.ads:system__val_fixed_32__impl__integer_to_fixed" targetname: "system__val_util__bad_value" label: "/home/julius/Programmieren/stm32f0304p6/light-cortex-m0/gnat/s-valuef.adb:269:19" }
node: { title: "system__arith_32__scaled_divide32" label: "Scaled_Divide32\n/home/julius/Programmieren/stm32f0304p6/light-cortex-m0/gnat/s-arit32.ads:91:14" shape : ellipse }
edge: { sourcename: "/home/julius/Programmieren/stm32f0304p6/light-cortex-m0/gnat/s-vafi32.ads:system__val_fixed_32__impl__integer_to_fixed" targetname: "system__arith_32__scaled_divide32" label: "/home/julius/Programmieren/stm32f0304p6/light-cortex-m0/gnat/s-valuef.adb:287:10" }
edge: { sourcename: "/home/julius/Programmieren/stm32f0304p6/light-cortex-m0/gnat/s-vafi32.ads:system__val_fixed_32__impl__integer_to_fixed" targetname: "system__arith_32__scaled_divide32" label: "/home/julius/Programmieren/stm32f0304p6/light-cortex-m0/gnat/s-valuef.adb:288:10" }
edge: { sourcename: "/home/julius/Programmieren/stm32f0304p6/light-cortex-m0/gnat/s-vafi32.ads:system__val_fixed_32__impl__integer_to_fixed" targetname: "system__arith_32__scaled_divide32" label: "/home/julius/Programmieren/stm32f0304p6/light-cortex-m0/gnat/s-valuef.adb:310:10" }
edge: { sourcename: "/home/julius/Programmieren/stm32f0304p6/light-cortex-m0/gnat/s-vafi32.ads:system__val_fixed_32__impl__integer_to_fixed" targetname: "system__arith_32__scaled_divide32" label: "/home/julius/Programmieren/stm32f0304p6/light-cortex-m0/gnat/s-valuef.adb:315:10" }
edge: { sourcename: "/home/julius/Programmieren/stm32f0304p6/light-cortex-m0/gnat/s-vafi32.ads:system__val_fixed_32__impl__integer_to_fixed" targetname: "system__arith_32__scaled_divide32" label: "/home/julius/Programmieren/stm32f0304p6/light-cortex-m0/gnat/s-valuef.adb:287:10" }
edge: { sourcename: "/home/julius/Programmieren/stm32f0304p6/light-cortex-m0/gnat/s-vafi32.ads:system__val_fixed_32__impl__integer_to_fixed" targetname: "system__arith_32__scaled_divide32" label: "/home/julius/Programmieren/stm32f0304p6/light-cortex-m0/gnat/s-valuef.adb:287:10" }
node: { title: "/home/julius/Programmieren/stm32f0304p6/light-cortex-m0/gnat/s-vafi32.ads:system__val_fixed_32__impl__impl__scan_integral_digitsXnn" label: "Scan_Integral_Digitsxnn\n/home/julius/Programmieren/stm32f0304p6/light-cortex-m0/gnat/s-valuer.adb:346:4\n88 bytes (static)\n0 dynamic objects" }
edge: { sourcename: "/home/julius/Programmieren/stm32f0304p6/light-cortex-m0/gnat/s-vafi32.ads:system__val_fixed_32__impl__impl__scan_integral_digitsXnn" targetname: "__aeabi_uidiv" }
edge: { sourcename: "/home/julius/Programmieren/stm32f0304p6/light-cortex-m0/gnat/s-vafi32.ads:system__val_fixed_32__impl__impl__scan_integral_digitsXnn" targetname: "__aeabi_idiv" }
edge: { sourcename: "/home/julius/Programmieren/stm32f0304p6/light-cortex-m0/gnat/s-vafi32.ads:system__val_fixed_32__impl__impl__scan_integral_digitsXnn" targetname: "__aeabi_uidiv" }
edge: { sourcename: "/home/julius/Programmieren/stm32f0304p6/light-cortex-m0/gnat/s-vafi32.ads:system__val_fixed_32__impl__impl__scan_integral_digitsXnn" targetname: "/home/julius/Programmieren/stm32f0304p6/light-cortex-m0/gnat/s-vafi32.ads:system__val_fixed_32__impl__impl__round_extraXnn" label: "/home/julius/Programmieren/stm32f0304p6/light-cortex-m0/gnat/s-valuer.adb:421:16" }
node: { title: "/home/julius/Programmieren/stm32f0304p6/light-cortex-m0/gnat/s-vafi32.ads:system__val_fixed_32__impl__impl__scan_raw_realXnn" label: "Scan_Raw_Realxnn\n/home/julius/Programmieren/stm32f0304p6/light-cortex-m0/gnat/s-valuer.adb:483:4\n136 bytes (static)\n0 dynamic objects" }
node: { title: "ada__exceptions__call_last_chance_handler_with_message" label: "Call_Last_Chance_Handler_With_Message\n/home/julius/Programmieren/stm32f0304p6/light-cortex-m0/gnat/a-except.adb:40:14" shape : ellipse }
edge: { sourcename: "/home/julius/Programmieren/stm32f0304p6/light-cortex-m0/gnat/s-vafi32.ads:system__val_fixed_32__impl__impl__scan_raw_realXnn" targetname: "ada__exceptions__call_last_chance_handler_with_message" label: "/home/julius/Programmieren/stm32f0304p6/light-cortex-m0/gnat/a-except.adb:95:10" }
node: { title: "system__val_util__scan_sign" label: "Scan_Sign\n/home/julius/Programmieren/stm32f0304p6/light-cortex-m0/gnat/s-valuti.ads:113:14" shape : ellipse }
edge: { sourcename: "/home/julius/Programmieren/stm32f0304p6/light-cortex-m0/gnat/s-vafi32.ads:system__val_fixed_32__impl__impl__scan_raw_realXnn" targetname: "system__val_util__scan_sign" label: "/home/julius/Programmieren/stm32f0304p6/light-cortex-m0/gnat/s-valuer.adb:529:7" }
edge: { sourcename: "/home/julius/Programmieren/stm32f0304p6/light-cortex-m0/gnat/s-vafi32.ads:system__val_fixed_32__impl__impl__scan_raw_realXnn" targetname: "/home/julius/Programmieren/stm32f0304p6/light-cortex-m0/gnat/s-vafi32.ads:system__val_fixed_32__impl__impl__scan_integral_digitsXnn" label: "/home/julius/Programmieren/stm32f0304p6/light-cortex-m0/gnat/s-valuer.adb:545:10" }
edge: { sourcename: "/home/julius/Programmieren/stm32f0304p6/light-cortex-m0/gnat/s-vafi32.ads:system__val_fixed_32__impl__impl__scan_raw_realXnn" targetname: "system__val_util__bad_value" label: "/home/julius/Programmieren/stm32f0304p6/light-cortex-m0/gnat/s-valuer.adb:562:10" }
edge: { sourcename: "/home/julius/Programmieren/stm32f0304p6/light-cortex-m0/gnat/s-vafi32.ads:system__val_fixed_32__impl__impl__scan_raw_realXnn" targetname: "__aeabi_uidiv" }
edge: { sourcename: "/home/julius/Programmieren/stm32f0304p6/light-cortex-m0/gnat/s-vafi32.ads:system__val_fixed_32__impl__impl__scan_raw_realXnn" targetname: "__aeabi_idiv" }
edge: { sourcename: "/home/julius/Programmieren/stm32f0304p6/light-cortex-m0/gnat/s-vafi32.ads:system__val_fixed_32__impl__impl__scan_raw_realXnn" targetname: "__aeabi_uidiv" }
edge: { sourcename: "/home/julius/Programmieren/stm32f0304p6/light-cortex-m0/gnat/s-vafi32.ads:system__val_fixed_32__impl__impl__scan_raw_realXnn" targetname: "__aeabi_uidiv" }
edge: { sourcename: "/home/julius/Programmieren/stm32f0304p6/light-cortex-m0/gnat/s-vafi32.ads:system__val_fixed_32__impl__impl__scan_raw_realXnn" targetname: "__aeabi_idiv" }
edge: { sourcename: "/home/julius/Programmieren/stm32f0304p6/light-cortex-m0/gnat/s-vafi32.ads:system__val_fixed_32__impl__impl__scan_raw_realXnn" targetname: "__aeabi_uidiv" }
edge: { sourcename: "/home/julius/Programmieren/stm32f0304p6/light-cortex-m0/gnat/s-vafi32.ads:system__val_fixed_32__impl__impl__scan_raw_realXnn" targetname: "system__val_util__bad_value" label: "/home/julius/Programmieren/stm32f0304p6/light-cortex-m0/gnat/s-valuer.adb:597:13" }
edge: { sourcename: "/home/julius/Programmieren/stm32f0304p6/light-cortex-m0/gnat/s-vafi32.ads:system__val_fixed_32__impl__impl__scan_raw_realXnn" targetname: "/home/julius/Programmieren/stm32f0304p6/light-cortex-m0/gnat/s-vafi32.ads:system__val_fixed_32__impl__impl__scan_integral_digitsXnn" label: "/home/julius/Programmieren/stm32f0304p6/light-cortex-m0/gnat/s-valuer.adb:600:10" }
edge: { sourcename: "/home/julius/Programmieren/stm32f0304p6/light-cortex-m0/gnat/s-vafi32.ads:system__val_fixed_32__impl__impl__scan_raw_realXnn" targetname: "__aeabi_uidiv" }
edge: { sourcename: "/home/julius/Programmieren/stm32f0304p6/light-cortex-m0/gnat/s-vafi32.ads:system__val_fixed_32__impl__impl__scan_raw_realXnn" targetname: "__aeabi_idiv" }
edge: { sourcename: "/home/julius/Programmieren/stm32f0304p6/light-cortex-m0/gnat/s-vafi32.ads:system__val_fixed_32__impl__impl__scan_raw_realXnn" targetname: "__aeabi_uidiv" }
edge: { sourcename: "/home/julius/Programmieren/stm32f0304p6/light-cortex-m0/gnat/s-vafi32.ads:system__val_fixed_32__impl__impl__scan_raw_realXnn" targetname: "/home/julius/Programmieren/stm32f0304p6/light-cortex-m0/gnat/s-vafi32.ads:system__val_fixed_32__impl__impl__round_extraXnn" label: "/home/julius/Programmieren/stm32f0304p6/light-cortex-m0/gnat/s-valuer.adb:245:16" }
edge: { sourcename: "/home/julius/Programmieren/stm32f0304p6/light-cortex-m0/gnat/s-vafi32.ads:system__val_fixed_32__impl__impl__scan_raw_realXnn" targetname: "/home/julius/Programmieren/stm32f0304p6/light-cortex-m0/gnat/s-vafi32.ads:system__val_fixed_32__impl__impl__round_extraXnn" label: "/home/julius/Programmieren/stm32f0304p6/light-cortex-m0/gnat/s-valuer.adb:267:25" }
node: { title: "system__val_util__scan_exponent" label: "Scan_Exponent\n/home/julius/Programmieren/stm32f0304p6/light-cortex-m0/gnat/s-valuti.ads:304:14" shape : ellipse }
edge: { sourcename: "/home/julius/Programmieren/stm32f0304p6/light-cortex-m0/gnat/s-vafi32.ads:system__val_fixed_32__impl__impl__scan_raw_realXnn" targetname: "system__val_util__scan_exponent" label: "/home/julius/Programmieren/stm32f0304p6/light-cortex-m0/gnat/s-valuer.adb:647:7" }
node: { title: "/home/julius/Programmieren/stm32f0304p6/light-cortex-m0/gnat/s-vafi32.ads:system__val_fixed_32__impl__impl__value_raw_realXnn" label: "Value_Raw_Realxnn\n/home/julius/Programmieren/stm32f0304p6/light-cortex-m0/gnat/s-valuer.adb:664:4\n80 bytes (static)\n0 dynamic objects" }
edge: { sourcename: "/home/julius/Programmieren/stm32f0304p6/light-cortex-m0/gnat/s-vafi32.ads:system__val_fixed_32__impl__impl__value_raw_realXnn" targetname: "/home/julius/Programmieren/stm32f0304p6/light-cortex-m0/gnat/s-vafi32.ads:system__val_fixed_32__impl__impl__value_raw_realXnn" label: "/home/julius/Programmieren/stm32f0304p6/light-cortex-m0/gnat/s-valuer.adb:680:20" }
edge: { sourcename: "/home/julius/Programmieren/stm32f0304p6/light-cortex-m0/gnat/s-vafi32.ads:system__val_fixed_32__impl__impl__value_raw_realXnn" targetname: "/home/julius/Programmieren/stm32f0304p6/light-cortex-m0/gnat/s-vafi32.ads:system__val_fixed_32__impl__impl__scan_raw_realXnn" label: "/home/julius/Programmieren/stm32f0304p6/light-cortex-m0/gnat/s-valuer.adb:690:18" }
node: { title: "system__val_util__scan_trailing_blanks" label: "Scan_Trailing_Blanks\n/home/julius/Programmieren/stm32f0304p6/light-cortex-m0/gnat/s-valuti.ads:338:14" shape : ellipse }
edge: { sourcename: "/home/julius/Programmieren/stm32f0304p6/light-cortex-m0/gnat/s-vafi32.ads:system__val_fixed_32__impl__impl__value_raw_realXnn" targetname: "system__val_util__scan_trailing_blanks" label: "/home/julius/Programmieren/stm32f0304p6/light-cortex-m0/gnat/s-valuer.adb:692:13" }
node: { title: "system__val_fixed_32__impl__scan_fixed" label: "Scan_Fixed\n/home/julius/Programmieren/stm32f0304p6/light-cortex-m0/gnat/s-valuef.adb:328:4\n72 bytes (static)\n0 dynamic objects" }
edge: { sourcename: "system__val_fixed_32__impl__scan_fixed" targetname: "/home/julius/Programmieren/stm32f0304p6/light-cortex-m0/gnat/s-vafi32.ads:system__val_fixed_32__impl__impl__scan_raw_realXnn" label: "/home/julius/Programmieren/stm32f0304p6/light-cortex-m0/gnat/s-valuef.adb:342:18" }
edge: { sourcename: "system__val_fixed_32__impl__scan_fixed" targetname: "/home/julius/Programmieren/stm32f0304p6/light-cortex-m0/gnat/s-vafi32.ads:system__val_fixed_32__impl__integer_to_fixed" label: "/home/julius/Programmieren/stm32f0304p6/light-cortex-m0/gnat/s-valuef.adb:344:14" }
node: { title: "system__val_fixed_32__impl__value_fixed" label: "Value_Fixed\n/home/julius/Programmieren/stm32f0304p6/light-cortex-m0/gnat/s-valuef.adb:351:4\n72 bytes (static)\n0 dynamic objects" }
edge: { sourcename: "system__val_fixed_32__impl__value_fixed" targetname: "/home/julius/Programmieren/stm32f0304p6/light-cortex-m0/gnat/s-vafi32.ads:system__val_fixed_32__impl__impl__value_raw_realXnn" label: "/home/julius/Programmieren/stm32f0304p6/light-cortex-m0/gnat/s-valuef.adb:363:18" }
edge: { sourcename: "system__val_fixed_32__impl__value_fixed" targetname: "/home/julius/Programmieren/stm32f0304p6/light-cortex-m0/gnat/s-vafi32.ads:system__val_fixed_32__impl__integer_to_fixed" label: "/home/julius/Programmieren/stm32f0304p6/light-cortex-m0/gnat/s-valuef.adb:365:14" }
}
